[clippingmagic.com/index.html]
[d5nunyagcicgy.cloudfront.net/p/assets/all_b305c38d1d2e4fac37933a5fdb88f1c0.css]
[d5nunyagcicgy.cloudfront.net/p/assets/all_16af03564859da0954ed883b4146d8a5.js]
[backblue.gif]
[fade.gif]
[index.html]
[d5nunyagcicgy.cloudfront.net/p/assets/m/Main.min_deb98e3458ad590787ed7d6aa231e316.js]
[clippingmagic.com/modutil/assets/lib/modutil/m/favicons/cm/apple-touch-icon-180.png]
[clippingmagic.com/modutil/assets/lib/modutil/m/favicons/cm/favicon-32.png]
[www.google-analytics.com/analytics.js]
[clippingmagic.com/tutorials/photo-basics.html]
[clippingmagic.com/bulk.html]
[clippingmagic.com/api.html]
[clippingmagic.com/pricing.html]
[clippingmagic.com/support.html]
[d5nunyagcicgy.cloudfront.net/external_assets/hero_examples/hair_beach_v391182663/result.jpg]
[d5nunyagcicgy.cloudfront.net/external_assets/hero_examples/hair_beach_v391182663/original.jpg]
[d5nunyagcicgy.cloudfront.net/p/assets/images/product-shots-that-pop_V2_31ffba493414a6b9ede1f5b59e267072.jpg]
[clippingmagic.com/tutorials/finishing-touches.html]
[clippingmagic.com/tutorials/sticky-settings.html]
[d5nunyagcicgy.cloudfront.net/p/assets/images/large-catalogs_V2_1b36465bbedc3707ecfcd94e00cf12d1.jpg]
[d5nunyagcicgy.cloudfront.net/p/assets/images/clipping-path-point-editing_V2_1c851c654658cd5efbf101a7fd056bcc.jpg]
[clippingmagic.com/tutorials/scalpel.html]
[clippingmagic.com/tutorials/hair.html]
[d5nunyagcicgy.cloudfront.net/p/assets/images/hair-example_V2_23add3767401ee768acb0877a637d106.jpg]
[d5nunyagcicgy.cloudfront.net/p/assets/images/graphic-tutorial-basics@2x_095a9cca5cc0e30652af2a427cdfc3d9.png]
[clippingmagic.com/comparisons/what-to-look-for.html]
[d5nunyagcicgy.cloudfront.net/p/assets/images/graphic-tutorial-hair@2x_0a414bc5ec078b1b0ca2c5bce352b3c8.png]
[d5nunyagcicgy.cloudfront.net/p/assets/images/graphic-tutorial-scalpel@2x_d5d763282538caed9c10c99a6736e3d9.png]
[clippingmagic.com/tutorials/refine-edges.html]
[d5nunyagcicgy.cloudfront.net/p/assets/images/graphic-tutorial-refine-edge@2x_4b1dbcd4fa881f4d6e042f217b6118f6.png]
[d5nunyagcicgy.cloudfront.net/p/assets/images/graphic-tutorial-graphics@2x_448c4aed7795b64ed74affc8709ed729.png]
[clippingmagic.com/tutorials/graphics.html]
[clippingmagic.com/tutorials/scans.html]
[d5nunyagcicgy.cloudfront.net/p/assets/images/graphic-tutorial-scans@2x_91d529a835532b6a6d49cbcfa561082f.png]
[d5nunyagcicgy.cloudfront.net/p/assets/images/graphic-tutorial-finishing-touches@2x_ff6c9f311bd9176155349c9e32265422.png]
[d5nunyagcicgy.cloudfront.net/p/assets/images/graphic-tutorial-processing-modes@2x_0f240c6bebd8d20254442a25e172e3b8.png]
[clippingmagic.com/tutorials/processing-modes.html]
[d5nunyagcicgy.cloudfront.net/p/assets/images/graphic-tutorial-config-defaults@2x_4f71f096ca4b730cf0c34f1d5926bf6f.png]
[clippingmagic.com/tutorials/bulk-clipping.html]
[d5nunyagcicgy.cloudfront.net/p/assets/images/graphic-tutorial-bulk-clipping@2x_1f8c938ff20a0315dddf79fe36d0c8ec.png]
[clippingmagic.com/resources/perfect-your-product-photography.html]
[d5nunyagcicgy.cloudfront.net/external_assets/resources/perfect_your_product_photography_v5/perfect-your-product-photography-thumb.jpg]
[clippingmagic.com/resources/clothing-photography-tops-pants-and-the-like.html]
[d5nunyagcicgy.cloudfront.net/external_assets/resources/clothing_photography_tops_pants_and_the_like_v3/dslr-guide-part-one-thumb.jpg]
[clippingmagic.com/resources/using-a-scanner-for-product-photography.html]
[d5nunyagcicgy.cloudfront.net/external_assets/resources/using_a_scanner_for_product_photography_v2/using-a-scanner-thumb.jpg]
[clippingmagic.com/resources.html]
[d5nunyagcicgy.cloudfront.net/p/assets/images/vector-magic-graphic_0da1c9875b5f14b7b91b1f354298fc2a.png]
[d5nunyagcicgy.cloudfront.net/p/assets/merchant/loading-indicator_20295fd727fbc02635f3d8c947e54556.gif]
[clippingmagic.com/resources/photographing-your-jewelry.html]
[clippingmagic.com/resources/outfitting-your-photo-studio-for-under-100.html]
[clippingmagic.com/resources/upgrade-your-product-photography-studio.html]
[clippingmagic.com/resources/dslr-camera-the-ultimate-guide-to-getting-started-fast.html]
[clippingmagic.com/resources/quickly-edit-and-list-your-items-using-bulk-clipping.html]
[clippingmagic.com/about.html]
[clippingmagic.com/blog.html]
[clippingmagic.com/examples.html]
[clippingmagic.com/policies/terms.html]
[clippingmagic.com/policies/privacy.html]
[clippingmagic.com/login.html]
[clippingmagic.com/support/beta.html]
[clippingmagic.com/index.html]
[d5nunyagcicgy.cloudfront.net/p/assets/bs/fonts/glyphicons-halflings-regular_f4769f9bdb7466be65088239c12046d1.eot]
[d5nunyagcicgy.cloudfront.net/p/assets/bs/fonts/glyphicons-halflings-regular_f4769f9bdb7466be65088239c12046d1d41d.eot]
[d5nunyagcicgy.cloudfront.net/p/assets/bs/fonts/glyphicons-halflings-regular_fa2772327f55d8198301fdb8bcfc8158.woff]
[d5nunyagcicgy.cloudfront.net/p/assets/bs/fonts/glyphicons-halflings-regular_e18bbf611f2a2e43afc071aa2f4e1512.ttf]
[d5nunyagcicgy.cloudfront.net/p/assets/m/drawings/sword-tool-icon_6bfaa9b7f07f74d4d5cff0c6c33b09ba.ico]
[d5nunyagcicgy.cloudfront.net/p/assets/bs/fonts/glyphicons-halflings-regular_19b39f36dc8beb12895535e26fd0cfd4.svg]
[d5nunyagcicgy.cloudfront.net/p/assets/m/drawings/busy-sword-tool-icon_6acb895ac39cfac9c4b390e555cf9631.ico]
[d5nunyagcicgy.cloudfront.net/p/assets/m/drawings/shadow-ellipse-tool-cursor_61878f714de68e74b2d34e03cf7ab42a.ico]
[d5nunyagcicgy.cloudfront.net/p/assets/m/drawings/busy-grab-open-tool-icon_d3db1696253a7d77146eedd09b0e3b79.ico]
[d5nunyagcicgy.cloudfront.net/p/assets/m/drawings/busy-grab-closed-tool-icon_3b2b87cf6113a6e225377a65ba8da0de.ico]
[d5nunyagcicgy.cloudfront.net/p/assets/m/drawings/red-tool-icon_718f30838f15eeff16e60cffe7ef4d29.ico]
[d5nunyagcicgy.cloudfront.net/p/assets/m/drawings/busy-red-tool-icon_a2fe0bb54c68d3566f2462955c2aed0d.ico]
[d5nunyagcicgy.cloudfront.net/p/assets/m/drawings/shadow-mirror-tool-icon_fb173cf1fa9d580f0bbe4b50856e9798.ico]
[d5nunyagcicgy.cloudfront.net/p/assets/m/drawings/busy-shadow-mirror-tool-icon_7ac51ed0a9479d86b01ebce7e95adfc9.ico]
[d5nunyagcicgy.cloudfront.net/p/assets/m/drawings/green-tool-icon_83c470d1397a891334d86ef6c9fa9294.ico]
[d5nunyagcicgy.cloudfront.net/p/assets/m/drawings/busy-green-tool-icon_6996eea111ae3157ab6b52708b073efc.ico]
[d5nunyagcicgy.cloudfront.net/p/assets/m/drawings/hair-brush-icon_a639725940a2b26c90ba5ee023d5590a.ico]
[d5nunyagcicgy.cloudfront.net/p/assets/m/drawings/busy-hair-brush-icon_37be6cfade03743ab41582a619fb7a7f.ico]
[d5nunyagcicgy.cloudfront.net/p/assets/m/drawings/erase-tool-icon_03eb69f9cc5128480a3caf3b9591234b.ico]
[d5nunyagcicgy.cloudfront.net/p/assets/m/drawings/busy-erase-tool-icon_72273bb7a90683aaac8b8f065c784949.ico]
[d5nunyagcicgy.cloudfront.net/p/assets/m/drawings/eyedropper-fg-tool-icon_9fd319028d6da0a3fc71d9974b39ed34.ico]
[d5nunyagcicgy.cloudfront.net/p/assets/m/drawings/busy-eyedropper-fg-tool-icon_749a4bd27cd2b861977aaa15f370c85e.ico]
[d5nunyagcicgy.cloudfront.net/p/assets/m/drawings/eyedropper-bg-tool-icon_3f6e92ba47b9131d20f2255e09cf4fe5.ico]
[d5nunyagcicgy.cloudfront.net/p/assets/m/drawings/busy-eyedropper-bg-tool-icon_4a9a8fc4d2fd54cff5304b5cf0e6f78d.ico]
[d5nunyagcicgy.cloudfront.net/p/assets/m/drawings/eyedropper-gray-tool-icon_1a70e513da9f2edeb7c355e959914033.ico]
[d5nunyagcicgy.cloudfront.net/p/assets/m/drawings/busy-eyedropper-gray-tool-icon_db7e79e55fd4dbc5708a4751334f4254.ico]
[d5nunyagcicgy.cloudfront.net/p/assets/images/alert-info_fb103aaaeb246d49dea0f7669dca1bd9.svg]
[d5nunyagcicgy.cloudfront.net/p/assets/images/alert-danger_a4a25df6b3ee6819cf7d2ecf0ed09ff6.svg]
[d5nunyagcicgy.cloudfront.net/p/assets/images/alert-success_81ec4c1af59bfbb883b7de57f2b44ce4.svg]
[d5nunyagcicgy.cloudfront.net/p/assets/images/arrow-line_0a6c4c48c7212dac9cce89e63cab0fff.svg]
[d5nunyagcicgy.cloudfront.net/p/assets/images/icon-tutorial-tip_6057520951b6ed537dfb298f09b6b903.svg]
[d5nunyagcicgy.cloudfront.net/p/assets/images/farbtastic/wheel_2b6d304868ff398c17252b7b0a0414c4.png]
[d5nunyagcicgy.cloudfront.net/p/assets/images/farbtastic/mask_c6dc921c0d6f2197793d9174b4267ca0.png]
[d5nunyagcicgy.cloudfront.net/p/assets/images/farbtastic/marker_05046cd64a559165d9e0e4712b02b332.png]
[d5nunyagcicgy.cloudfront.net/p/assets/m/drawings/sword-tool-icon-2x_1ef6c5f34584dafe2e924b63d95e2068.ico]
[clippingmagic.com/assets/m/drawings/sword-tool-icon-2x.png]
[d5nunyagcicgy.cloudfront.net/p/assets/m/drawings/busy-sword-tool-icon-2x_35ce4d369ecdc6d0a008c4ae2b7ceca2.ico]
[clippingmagic.com/assets/m/drawings/busy-sword-tool-icon-2x.png]
[d5nunyagcicgy.cloudfront.net/p/assets/m/drawings/shadow-ellipse-tool-cursor-2x_0a83020eda2aac398fa3d1f740c9cd20.ico]
[clippingmagic.com/assets/m/drawings/shadow-ellipse-tool-cursor-2x.png]
[d5nunyagcicgy.cloudfront.net/p/assets/m/drawings/busy-grab-open-tool-icon-2x_5e326f05d386e56fa9be4add1f5b7e4d.ico]
[clippingmagic.com/assets/m/drawings/busy-grab-open-tool-icon-2x.png]
[d5nunyagcicgy.cloudfront.net/p/assets/m/drawings/busy-grab-closed-tool-icon-2x_7fe89efb8283e7e085fafc916ba0c9cf.ico]
[clippingmagic.com/assets/m/drawings/busy-grab-closed-tool-icon-2x.png]
[d5nunyagcicgy.cloudfront.net/p/assets/m/drawings/red-tool-icon-2x_6702198c6457d6145fbf6348af1bf0cd.ico]
[clippingmagic.com/assets/m/drawings/red-tool-icon-2x.png]
[d5nunyagcicgy.cloudfront.net/p/assets/m/drawings/busy-red-tool-icon-2x_3e0d282835af5a651d6df1c79443d365.ico]
[clippingmagic.com/assets/m/drawings/busy-red-tool-icon-2x.png]
[d5nunyagcicgy.cloudfront.net/p/assets/m/drawings/shadow-mirror-tool-icon-2x_c94244f55b397984c00611bb4a4a13c3.ico]
[clippingmagic.com/assets/m/drawings/shadow-mirror-tool-icon-2x.png]
[d5nunyagcicgy.cloudfront.net/p/assets/m/drawings/busy-shadow-mirror-tool-icon-2x_01b5fcd67bb5077fb8607431f580db70.ico]
[clippingmagic.com/assets/m/drawings/busy-shadow-mirror-tool-icon-2x.png]
[d5nunyagcicgy.cloudfront.net/p/assets/m/drawings/green-tool-icon-2x_cd4d50db5b98108ef923be8308545fcf.ico]
[clippingmagic.com/assets/m/drawings/green-tool-icon-2x.png]
[d5nunyagcicgy.cloudfront.net/p/assets/m/drawings/busy-green-tool-icon-2x_7bd855e346fe261eb5fa91f0b2affec9.ico]
[clippingmagic.com/assets/m/drawings/busy-green-tool-icon-2x.png]
[d5nunyagcicgy.cloudfront.net/p/assets/m/drawings/hair-brush-icon-2x_bbce2fa140f1b68be2bea5fde89331c7.ico]
[clippingmagic.com/assets/m/drawings/hair-brush-icon-2x.png]
[d5nunyagcicgy.cloudfront.net/p/assets/m/drawings/busy-hair-brush-icon-2x_0695af14ac4ba197ba4a7fc9ac895314.ico]
[clippingmagic.com/assets/m/drawings/busy-hair-brush-icon-2x.png]
[d5nunyagcicgy.cloudfront.net/p/assets/m/drawings/erase-tool-icon-2x_d84d3350af48b170cbb5b9369e8b3527.ico]
[clippingmagic.com/assets/m/drawings/erase-tool-icon-2x.png]
[d5nunyagcicgy.cloudfront.net/p/assets/m/drawings/busy-erase-tool-icon-2x_b4192d66da874ded30a6ca14fd12c19a.ico]
[clippingmagic.com/assets/m/drawings/busy-erase-tool-icon-2x.png]
[d5nunyagcicgy.cloudfront.net/p/assets/m/drawings/eyedropper-fg-tool-icon-2x_ef44acf234ee385dcf2ca8c3c6079f02.ico]
[clippingmagic.com/assets/m/drawings/eyedropper-fg-tool-icon-2x.png]
[d5nunyagcicgy.cloudfront.net/p/assets/m/drawings/busy-eyedropper-fg-tool-icon-2x_736dd660baa84586864baeb43aab2e60.ico]
[clippingmagic.com/assets/m/drawings/busy-eyedropper-fg-tool-icon-2x.png]
[d5nunyagcicgy.cloudfront.net/p/assets/m/drawings/eyedropper-bg-tool-icon-2x_e177fefb31823c363fc40c49fbfd0254.ico]
[clippingmagic.com/assets/m/drawings/eyedropper-bg-tool-icon-2x.png]
[d5nunyagcicgy.cloudfront.net/p/assets/m/drawings/busy-eyedropper-bg-tool-icon-2x_85832677377afb28b4765596611af7df.ico]
[clippingmagic.com/assets/m/drawings/busy-eyedropper-bg-tool-icon-2x.png]
[d5nunyagcicgy.cloudfront.net/p/assets/m/drawings/eyedropper-gray-tool-icon-2x_90021b75173409d1c755d36de9a7c404.ico]
[clippingmagic.com/assets/m/drawings/eyedropper-gray-tool-icon-2x.png]
[d5nunyagcicgy.cloudfront.net/p/assets/m/drawings/busy-eyedropper-gray-tool-icon-2x_00b8838cbf1d65212c0188793e719b40.ico]
[clippingmagic.com/assets/m/drawings/busy-eyedropper-gray-tool-icon-2x.png]
[d5nunyagcicgy.cloudfront.net/p/assets/all_b305c38d1d2e4fac37933a5fdb88f1c0.css]
[d5nunyagcicgy.cloudfront.net/external_assets/tutorials/photo_basics_v8/upload_original.jpg]
[d5nunyagcicgy.cloudfront.net/external_assets/tutorials/photo_basics_v8/upload_result.jpg]
[d5nunyagcicgy.cloudfront.net/external_assets/tutorials/photo_basics_v8/inspect_original.jpg]
[d5nunyagcicgy.cloudfront.net/external_assets/tutorials/photo_basics_v8/inspect_result.jpg]
[d5nunyagcicgy.cloudfront.net/external_assets/tutorials/photo_basics_v8/tweak_original.jpg]
[d5nunyagcicgy.cloudfront.net/external_assets/tutorials/photo_basics_v8/tweak_result.jpg]
[d5nunyagcicgy.cloudfront.net/external_assets/tutorials/photo_basics_v8/graphic-go-to-fixes.png]
[d5nunyagcicgy.cloudfront.net/external_assets/tutorials/photo_basics_v8/stay-within-the-lines-bad-original-marks.png]
[d5nunyagcicgy.cloudfront.net/external_assets/tutorials/photo_basics_v8/stay-within-the-lines-bad-result.png]
[d5nunyagcicgy.cloudfront.net/external_assets/tutorials/photo_basics_v8/stay-within-the-lines-good-original-marks.png]
[d5nunyagcicgy.cloudfront.net/external_assets/tutorials/photo_basics_v8/stay-within-the-lines-good-result.png]
[d5nunyagcicgy.cloudfront.net/external_assets/tutorials/photo_basics_v8/dont-highlight-original-marks.png]
[d5nunyagcicgy.cloudfront.net/external_assets/tutorials/photo_basics_v8/dont-highlight-result.png]
[d5nunyagcicgy.cloudfront.net/external_assets/tutorials/photo_basics_v8/mark-all-pieces-bad-original-marks.png]
[d5nunyagcicgy.cloudfront.net/external_assets/tutorials/photo_basics_v8/mark-all-pieces-bad-result.png]
[d5nunyagcicgy.cloudfront.net/p/assets/images/sub-page-clipping-example_d0e86759ee9c8fff5f6fd34ddf45ab80.jpg]
[clippingmagic.com/tutorials/photo-basics.html]
[clippingmagic.com/tutorials/screenshots/bulkUploadInProgress.html]
[d5nunyagcicgy.cloudfront.net/external_assets/examples/cake_plate_v4/preview_original.jpg]
[d5nunyagcicgy.cloudfront.net/external_assets/examples/pillow_v5/preview_original.jpg]
[d5nunyagcicgy.cloudfront.net/external_assets/examples/cake_plate_v4/preview_result.jpg]
[d5nunyagcicgy.cloudfront.net/external_assets/examples/pillow_v5/preview_result.jpg]
[d5nunyagcicgy.cloudfront.net/external_assets/examples/dress_v3/preview_original.jpg]
[d5nunyagcicgy.cloudfront.net/external_assets/examples/vase_v2/preview_original.jpg]
[d5nunyagcicgy.cloudfront.net/external_assets/examples/dress_v3/preview_result.jpg]
[d5nunyagcicgy.cloudfront.net/external_assets/examples/vase_v2/preview_result.jpg]
[d5nunyagcicgy.cloudfront.net/external_assets/examples/shorts_v3/preview_original.jpg]
[d5nunyagcicgy.cloudfront.net/external_assets/examples/twine_v6/preview_original.jpg]
[d5nunyagcicgy.cloudfront.net/external_assets/examples/shorts_v3/preview_result.jpg]
[d5nunyagcicgy.cloudfront.net/external_assets/examples/twine_v6/preview_result.jpg]
[clippingmagic.com/tutorials/screenshots/editMenu.html]
[clippingmagic.com/tutorials/screenshots/bulkAllImagesClipped.html]
[clippingmagic.com/tutorials/screenshots/bulkDownloadZipping.html]
[clippingmagic.com/tutorials/screenshots/bulkDownloadReady.html]
[clippingmagic.com/tutorials/screenshots/bulkManageImages.html]
[clippingmagic.com/bulk.html]
[clippingmagic.com/api/pricing.html]
[clippingmagic.com/api/quickStart.html]
[clippingmagic.com/api/serverApi.html]
[clippingmagic.com/api/editor/hosted.html]
[clippingmagic.com/api/editor/whiteLabel.html]
[d5nunyagcicgy.cloudfront.net/p/assets/images/api/auto-clip@3x_b3d048202ce849d1a150c1d0442aad66.png]
[d5nunyagcicgy.cloudfront.net/p/assets/images/api/hosted-editor@3x_55a3fe23399186ab95081ba4d041877d.png]
[d5nunyagcicgy.cloudfront.net/p/assets/images/api/white-label@3x_b68de74f8055972cb0724c7eaa16b2d8.png]
[d5nunyagcicgy.cloudfront.net/p/assets/code-prettify/prettify_4a2c6d343b8b83e797e2117afa595ff9.js]
[d5nunyagcicgy.cloudfront.net/p/assets/code-prettify/prettify_613507e03a79531b924687283a004514.css]
[clippingmagic.com/api.html]
[clippingmagic.com/setCurrency0307]
[clippingmagic.com/setCurrencyde9d]
[clippingmagic.com/pricing.html]
[clippingmagic.com/support.html]
[clippingmagic.com/tutorials/screenshots/backgroundColor.html]
[clippingmagic.com/tutorials/screenshots/colorAdjustments.html]
[clippingmagic.com/tutorials/screenshots/whiteBalance.html]
[d5nunyagcicgy.cloudfront.net/external_assets/tutorials/finishing_touches_v10/color-cast-org.jpg]
[d5nunyagcicgy.cloudfront.net/external_assets/tutorials/finishing_touches_v10/color-cast-result.jpg]
[clippingmagic.com/tutorials/screenshots/cropResize.html]
[clippingmagic.com/tutorials/screenshots/fitToResult.html]
[clippingmagic.com/tutorials/screenshots/rotate.html]
[clippingmagic.com/tutorials/screenshots/ovalShadows.html]
[clippingmagic.com/tutorials/screenshots/dropShadow.html]
[clippingmagic.com/tutorials/screenshots/reflection.html]
[clippingmagic.com/tutorials/screenshots/castShadow.html]
[clippingmagic.com/tutorials/finishing-touches.html]
[clippingmagic.com/tutorials/screenshots/configurableDefaultsMenu.html]
[clippingmagic.com/tutorials/screenshots/defaultSettings.html]
[clippingmagic.com/tutorials/screenshots/importOptions.html]
[clippingmagic.com/tutorials/screenshots/exportOptions.html]
[clippingmagic.com/tutorials/screenshots/ecommerceSettings.html]
[clippingmagic.com/tutorials/sticky-settings.html]
[d5nunyagcicgy.cloudfront.net/external_assets/tutorials/scalpel_v2/extend-original-marks.png]
[d5nunyagcicgy.cloudfront.net/external_assets/tutorials/scalpel_v2/extend-result.png]
[d5nunyagcicgy.cloudfront.net/external_assets/tutorials/scalpel_v2/smooth-point-result.png]
[d5nunyagcicgy.cloudfront.net/external_assets/tutorials/scalpel_v2/smooth-point-original-marks.png]
[d5nunyagcicgy.cloudfront.net/external_assets/tutorials/scalpel_v2/corner-point-original-marks.png]
[d5nunyagcicgy.cloudfront.net/external_assets/tutorials/scalpel_v2/corner-point-results.png]
[d5nunyagcicgy.cloudfront.net/external_assets/tutorials/scalpel_v2/dont-cross-the-lines-original-marks.png]
[d5nunyagcicgy.cloudfront.net/external_assets/tutorials/scalpel_v2/dont-cross-the-lines-result.png]
[d5nunyagcicgy.cloudfront.net/external_assets/tutorials/scalpel_v2/lines-uncrossed-original-marks.png]
[d5nunyagcicgy.cloudfront.net/external_assets/tutorials/scalpel_v2/lines-uncrossed-results.png]
[clippingmagic.com/tutorials/scalpel.html]
[d5nunyagcicgy.cloudfront.net/external_assets/tutorials/hair_v11/start-as-usual-original-marks.jpg]
[d5nunyagcicgy.cloudfront.net/external_assets/tutorials/hair_v11/start-as-usual-result.jpg]
[d5nunyagcicgy.cloudfront.net/external_assets/tutorials/hair_v11/touchup-original-marks.png]
[d5nunyagcicgy.cloudfront.net/external_assets/tutorials/hair_v11/touchup-result.png]
[d5nunyagcicgy.cloudfront.net/external_assets/tutorials/hair_v11/cycle-bg-original-marks.jpg]
[d5nunyagcicgy.cloudfront.net/external_assets/tutorials/hair_v11/cycle-bg-result.jpg]
[d5nunyagcicgy.cloudfront.net/external_assets/tutorials/hair_v11/cover-boundary-original-marks.jpg]
[d5nunyagcicgy.cloudfront.net/external_assets/tutorials/hair_v11/cover-boundary-result.jpg]
[d5nunyagcicgy.cloudfront.net/external_assets/tutorials/hair_v11/conflicting-colors-original-marks.jpg]
[d5nunyagcicgy.cloudfront.net/external_assets/tutorials/hair_v11/conflicting-colors-result.jpg]
[d5nunyagcicgy.cloudfront.net/external_assets/tutorials/hair_v11/extract-shadows-original-marks.jpg]
[d5nunyagcicgy.cloudfront.net/external_assets/tutorials/hair_v11/extract-shadows-result.jpg]
[d5nunyagcicgy.cloudfront.net/external_assets/tutorials/hair_v11/complex-objects-original-marks.jpg]
[d5nunyagcicgy.cloudfront.net/external_assets/tutorials/hair_v11/complex-objects-result.jpg]
[clippingmagic.com/tutorials/hair.html]
[d5nunyagcicgy.cloudfront.net/external_assets/comparisons/what_to_look_for_v2/1_accuracy_cm.jpg]
[d5nunyagcicgy.cloudfront.net/external_assets/comparisons/what_to_look_for_v2/1_accuracy_other.jpg]
[d5nunyagcicgy.cloudfront.net/external_assets/comparisons/what_to_look_for_v2/2_hair_2_remains_cm.jpg]
[d5nunyagcicgy.cloudfront.net/external_assets/comparisons/what_to_look_for_v2/2_hair_2_remains_other.jpg]
[d5nunyagcicgy.cloudfront.net/external_assets/comparisons/what_to_look_for_v2/2_hair_1_texture_cm.jpg]
[d5nunyagcicgy.cloudfront.net/external_assets/comparisons/what_to_look_for_v2/2_hair_1_texture_other.jpg]
[d5nunyagcicgy.cloudfront.net/external_assets/comparisons/what_to_look_for_v2/2_hair_3_halos_cm.jpg]
[d5nunyagcicgy.cloudfront.net/external_assets/comparisons/what_to_look_for_v2/2_hair_3_halos_other.jpg]
[d5nunyagcicgy.cloudfront.net/external_assets/comparisons/what_to_look_for_v2/3_edges_1_halos_cm.jpg]
[d5nunyagcicgy.cloudfront.net/external_assets/comparisons/what_to_look_for_v2/3_edges_1_halos_other.jpg]
[d5nunyagcicgy.cloudfront.net/external_assets/comparisons/what_to_look_for_v2/3_edges_2_grit_cm.jpg]
[d5nunyagcicgy.cloudfront.net/external_assets/comparisons/what_to_look_for_v2/3_edges_2_grit_other.jpg]
[d5nunyagcicgy.cloudfront.net/external_assets/comparisons/what_to_look_for_v2/5_post_processing.jpg]
[clippingmagic.com/comparisons/what-to-look-for.html]
[d5nunyagcicgy.cloudfront.net/external_assets/tutorials/refine_edges_v4/corners-on-original-marks.png]
[d5nunyagcicgy.cloudfront.net/external_assets/tutorials/refine_edges_v4/corners-on-result.png]
[d5nunyagcicgy.cloudfront.net/external_assets/tutorials/refine_edges_v4/corners-off-original-marks.png]
[d5nunyagcicgy.cloudfront.net/external_assets/tutorials/refine_edges_v4/corners-off-result.png]
[d5nunyagcicgy.cloudfront.net/external_assets/tutorials/refine_edges_v4/smoothing-adaptive-original-marks.png]
[d5nunyagcicgy.cloudfront.net/external_assets/tutorials/refine_edges_v4/smoothing-adaptive-result.png]
[d5nunyagcicgy.cloudfront.net/external_assets/tutorials/refine_edges_v4/smoothing-off-original-marks.png]
[d5nunyagcicgy.cloudfront.net/external_assets/tutorials/refine_edges_v4/smoothing-off-result.png]
[d5nunyagcicgy.cloudfront.net/external_assets/tutorials/refine_edges_v4/smoothing-two-original-marks.png]
[d5nunyagcicgy.cloudfront.net/external_assets/tutorials/refine_edges_v4/smoothing-two-result.png]
[d5nunyagcicgy.cloudfront.net/external_assets/tutorials/refine_edges_v4/smoothing-five-original-marks.png]
[d5nunyagcicgy.cloudfront.net/external_assets/tutorials/refine_edges_v4/smoothing-five-results.png]
[d5nunyagcicgy.cloudfront.net/external_assets/tutorials/refine_edges_v4/corner-marks-bad-original-marks.png]
[d5nunyagcicgy.cloudfront.net/external_assets/tutorials/refine_edges_v4/corner-marks-bad-result.png]
[d5nunyagcicgy.cloudfront.net/external_assets/tutorials/refine_edges_v4/corner-marks-good-original-marks.png]
[d5nunyagcicgy.cloudfront.net/external_assets/tutorials/refine_edges_v4/corner-marks-good-result.png]
[d5nunyagcicgy.cloudfront.net/external_assets/tutorials/refine_edges_v4/feathering-one-original-marks.png]
[d5nunyagcicgy.cloudfront.net/external_assets/tutorials/refine_edges_v4/feathering-one-result.png]
[d5nunyagcicgy.cloudfront.net/external_assets/tutorials/refine_edges_v4/feathering-three-original-marks.png]
[d5nunyagcicgy.cloudfront.net/external_assets/tutorials/refine_edges_v4/feathering-three-result.png]
[d5nunyagcicgy.cloudfront.net/external_assets/tutorials/refine_edges_v4/feathering-six-original-marks.png]
[d5nunyagcicgy.cloudfront.net/external_assets/tutorials/refine_edges_v4/feathering-six-result.png]
[d5nunyagcicgy.cloudfront.net/external_assets/tutorials/refine_edges_v4/offset-zero-original-marks.jpg]
[d5nunyagcicgy.cloudfront.net/external_assets/tutorials/refine_edges_v4/offset-zero-result.jpg]
[d5nunyagcicgy.cloudfront.net/external_assets/tutorials/refine_edges_v4/offset-two-original-marks.jpg]
[d5nunyagcicgy.cloudfront.net/external_assets/tutorials/refine_edges_v4/offset-two-results.jpg]
[clippingmagic.com/tutorials/refine-edges.html]
[d5nunyagcicgy.cloudfront.net/external_assets/tutorials/graphics_v1/upload_original.jpg]
[d5nunyagcicgy.cloudfront.net/external_assets/tutorials/graphics_v1/upload_result.jpg]
[d5nunyagcicgy.cloudfront.net/external_assets/tutorials/graphics_v1/inspect_original.jpg]
[d5nunyagcicgy.cloudfront.net/external_assets/tutorials/graphics_v1/inspect_result.jpg]
[d5nunyagcicgy.cloudfront.net/external_assets/tutorials/graphics_v1/tweak_original.jpg]
[d5nunyagcicgy.cloudfront.net/external_assets/tutorials/graphics_v1/tweak_result.jpg]
[clippingmagic.com/tutorials/graphics.html]
[d5nunyagcicgy.cloudfront.net/external_assets/tutorials/scans_v1/upload_original.jpg]
[d5nunyagcicgy.cloudfront.net/external_assets/tutorials/scans_v1/upload_result.jpg]
[d5nunyagcicgy.cloudfront.net/external_assets/tutorials/scans_v1/inspect_original.jpg]
[d5nunyagcicgy.cloudfront.net/external_assets/tutorials/scans_v1/inspect_result.jpg]
[clippingmagic.com/tutorials/scans.html]
[clippingmagic.com/tutorials/screenshots/editMenuWithColorEraseMode.html]
[clippingmagic.com/tutorials/processing-modes.html]
[clippingmagic.com/tutorials/bulk-clipping.html]
[d5nunyagcicgy.cloudfront.net/external_assets/resources/perfect_your_product_photography_v5/perfect-your-product-photography.jpg]
[d5nunyagcicgy.cloudfront.net/external_assets/resources/perfect_your_product_photography_v5/our-setup-for-tripod-and-prop.jpg]
[d5nunyagcicgy.cloudfront.net/external_assets/resources/perfect_your_product_photography_v5/our-setup-using-a-reflector.jpg]
[d5nunyagcicgy.cloudfront.net/external_assets/resources/perfect_your_product_photography_v5/final-result-of-clock.jpg]
[d5nunyagcicgy.cloudfront.net/external_assets/resources/perfect_your_product_photography_v5/example-of-lighting-reflector-foamboard-and-none.jpg]
[d5nunyagcicgy.cloudfront.net/external_assets/resources/perfect_your_product_photography_v5/multiple-angles-of-product.jpg]
[d5nunyagcicgy.cloudfront.net/external_assets/resources/perfect_your_product_photography_v5/showing-the-inside-of-a-garlic-press.jpg]
[d5nunyagcicgy.cloudfront.net/external_assets/resources/outfitting_your_photo_studio_for_under_100_v2/hundred-dollar-studio-thumb.jpg]
[d5nunyagcicgy.cloudfront.net/external_assets/resources/quickly_edit_and_list_your_items_using_bulk_clipping_v2/using-bulk-clipping-thumb.jpg]
[clippingmagic.com/resources/perfect-your-product-photography.html]
[d5nunyagcicgy.cloudfront.net/external_assets/resources/clothing_photography_tops_pants_and_the_like_v3/dslr-guide-part-one.jpg]
[d5nunyagcicgy.cloudfront.net/external_assets/resources/clothing_photography_tops_pants_and_the_like_v3/flat-lay-example.jpg]
[d5nunyagcicgy.cloudfront.net/external_assets/resources/clothing_photography_tops_pants_and_the_like_v3/model-example.jpg]
[d5nunyagcicgy.cloudfront.net/external_assets/resources/clothing_photography_tops_pants_and_the_like_v3/mannequin-example.jpg]
[d5nunyagcicgy.cloudfront.net/external_assets/resources/clothing_photography_tops_pants_and_the_like_v3/ghost-mannequin-example.jpg]
[d5nunyagcicgy.cloudfront.net/external_assets/resources/clothing_photography_tops_pants_and_the_like_v3/dress-forms-example.jpg]
[d5nunyagcicgy.cloudfront.net/external_assets/resources/clothing_photography_tops_pants_and_the_like_v3/clothing-hanger-example.jpg]
[d5nunyagcicgy.cloudfront.net/external_assets/resources/clothing_photography_tops_pants_and_the_like_v3/ironing-gif.gif]
[d5nunyagcicgy.cloudfront.net/external_assets/resources/clothing_photography_tops_pants_and_the_like_v3/overhead-tripod-adapter.jpg]
[d5nunyagcicgy.cloudfront.net/external_assets/resources/clothing_photography_tops_pants_and_the_like_v3/flat-lay-stuffing-gif.gif]
[d5nunyagcicgy.cloudfront.net/external_assets/resources/clothing_photography_tops_pants_and_the_like_v3/flat-lay-lighting-setup.jpg]
[d5nunyagcicgy.cloudfront.net/external_assets/resources/clothing_photography_tops_pants_and_the_like_v3/dslr-lighting-two-softs.gif]
[d5nunyagcicgy.cloudfront.net/external_assets/resources/clothing_photography_tops_pants_and_the_like_v3/using-a-remote-studder.jpg]
[d5nunyagcicgy.cloudfront.net/external_assets/resources/clothing_photography_tops_pants_and_the_like_v3/model-lighting-setup.jpg]
[d5nunyagcicgy.cloudfront.net/external_assets/resources/clothing_photography_tops_pants_and_the_like_v3/hanger-lighting-setup.jpg]
[d5nunyagcicgy.cloudfront.net/external_assets/resources/clothing_photography_tops_pants_and_the_like_v3/dslr-diffusing-flash-gif.gif]
[d5nunyagcicgy.cloudfront.net/external_assets/resources/clothing_photography_tops_pants_and_the_like_v3/pastel-palette.jpg]
[d5nunyagcicgy.cloudfront.net/external_assets/resources/clothing_photography_tops_pants_and_the_like_v3/dark-palette.jpg]
[clippingmagic.com/tutorials/screenshots/bespokeShadows.html]
[d5nunyagcicgy.cloudfront.net/external_assets/resources/photographing_your_jewelry_v5/jewelry-photography-thumb.jpg]
[d5nunyagcicgy.cloudfront.net/external_assets/resources/upgrade_your_product_photography_studio_v2/upgrade-your-studio-thumb.jpg]
[clippingmagic.com/resources/clothing-photography-tops-pants-and-the-like.html]
[d5nunyagcicgy.cloudfront.net/external_assets/resources/using_a_scanner_for_product_photography_v2/using-a-scanner-header.jpg]
[d5nunyagcicgy.cloudfront.net/external_assets/resources/using_a_scanner_for_product_photography_v2/example-product-scans.jpg]
[d5nunyagcicgy.cloudfront.net/external_assets/resources/using_a_scanner_for_product_photography_v2/cheap-vs-expensive-scanner.jpg]
[d5nunyagcicgy.cloudfront.net/external_assets/resources/using_a_scanner_for_product_photography_v2/earrings-on-scanner.jpg]
[d5nunyagcicgy.cloudfront.net/external_assets/resources/using_a_scanner_for_product_photography_v2/paper-over-earrings-on-scanner.jpg]
[d5nunyagcicgy.cloudfront.net/external_assets/resources/using_a_scanner_for_product_photography_v2/good-scanner-vs-dslr.jpg]
[d5nunyagcicgy.cloudfront.net/external_assets/resources/using_a_scanner_for_product_photography_v2/bad-scanner-vs-dslr.jpg]
[d5nunyagcicgy.cloudfront.net/external_assets/resources/dslr_camera_the_ultimate_guide_to_getting_started_fast_v2/dslr-guide-part-one-thumb.jpg]
[clippingmagic.com/resources/using-a-scanner-for-product-photography.html]
[clippingmagic.com/resources.html]
[d5nunyagcicgy.cloudfront.net/external_assets/resources/photographing_your_jewelry_v5/jewelry-photography-header.jpg]
[d5nunyagcicgy.cloudfront.net/external_assets/resources/photographing_your_jewelry_v5/helpful-tools-for-jewelry.jpg]
[d5nunyagcicgy.cloudfront.net/external_assets/resources/photographing_your_jewelry_v5/phone-macro-lens.jpg]
[d5nunyagcicgy.cloudfront.net/external_assets/resources/photographing_your_jewelry_v5/using-a-round-object-to-make-shape-of-necklace.jpg]
[d5nunyagcicgy.cloudfront.net/external_assets/resources/photographing_your_jewelry_v5/staging-pendant-style-necklaces.jpg]
[d5nunyagcicgy.cloudfront.net/external_assets/resources/photographing_your_jewelry_v5/using-fishing-wire-to-stage-a-ring.jpg]
[d5nunyagcicgy.cloudfront.net/external_assets/resources/photographing_your_jewelry_v5/foam-core-and-post-earrings.jpg]
[d5nunyagcicgy.cloudfront.net/external_assets/resources/photographing_your_jewelry_v5/using-stick-tack-and-a-ring.jpg]
[d5nunyagcicgy.cloudfront.net/external_assets/resources/photographing_your_jewelry_v5/our-lighting-setup.jpg]
[d5nunyagcicgy.cloudfront.net/external_assets/resources/photographing_your_jewelry_v5/effect-white-foam-core-on-reflections.jpg]
[d5nunyagcicgy.cloudfront.net/external_assets/resources/photographing_your_jewelry_v5/lighting-a-gemstone-diagram.jpg]
[d5nunyagcicgy.cloudfront.net/external_assets/resources/photographing_your_jewelry_v5/lighting-a-gemstone.jpg]
[clippingmagic.com/resources/photographing-your-jewelry.html]
[d5nunyagcicgy.cloudfront.net/external_assets/resources/outfitting_your_photo_studio_for_under_100_v2/hundred-dollar-studio.jpg]
[d5nunyagcicgy.cloudfront.net/external_assets/resources/outfitting_your_photo_studio_for_under_100_v2/set-up-photostudio-for-under-100-dollars.jpg]
[d5nunyagcicgy.cloudfront.net/external_assets/resources/outfitting_your_photo_studio_for_under_100_v2/paper-roll-backdrop.jpg]
[d5nunyagcicgy.cloudfront.net/external_assets/resources/outfitting_your_photo_studio_for_under_100_v2/clamps-as-a-props.jpg]
[d5nunyagcicgy.cloudfront.net/external_assets/resources/outfitting_your_photo_studio_for_under_100_v2/lights.jpg]
[d5nunyagcicgy.cloudfront.net/external_assets/resources/outfitting_your_photo_studio_for_under_100_v2/light-bulb-color-temp.jpg]
[d5nunyagcicgy.cloudfront.net/external_assets/resources/outfitting_your_photo_studio_for_under_100_v2/a-reflector-and-diffuser.jpg]
[d5nunyagcicgy.cloudfront.net/external_assets/resources/outfitting_your_photo_studio_for_under_100_v2/with-foam-core-vs-reflector.jpg]
[d5nunyagcicgy.cloudfront.net/external_assets/resources/outfitting_your_photo_studio_for_under_100_v2/cheap-tripod.jpg]
[d5nunyagcicgy.cloudfront.net/external_assets/resources/outfitting_your_photo_studio_for_under_100_v2/set-up-photostudio-for-under-100-dollars-items.jpg]
[d5nunyagcicgy.cloudfront.net/external_assets/resources/outfitting_your_photo_studio_for_under_100_v2/the-photo-studio-that-we-emulated.jpg]
[clippingmagic.com/resources/outfitting-your-photo-studio-for-under-100.html]
[d5nunyagcicgy.cloudfront.net/external_assets/resources/upgrade_your_product_photography_studio_v2/upgrade-your-studio-header.jpg]
[d5nunyagcicgy.cloudfront.net/external_assets/resources/upgrade_your_product_photography_studio_v2/backdrop__gif.gif]
[d5nunyagcicgy.cloudfront.net/external_assets/resources/upgrade_your_product_photography_studio_v2/paper-roll-backdrop.jpg]
[d5nunyagcicgy.cloudfront.net/external_assets/resources/upgrade_your_product_photography_studio_v2/clamps-as-a-props.jpg]
[d5nunyagcicgy.cloudfront.net/external_assets/resources/upgrade_your_product_photography_studio_v2/lights-softboxes-with-led-bulbs.jpg]
[d5nunyagcicgy.cloudfront.net/external_assets/resources/upgrade_your_product_photography_studio_v2/examples-of-objects-lit-with-softbox.jpg]
[d5nunyagcicgy.cloudfront.net/external_assets/resources/upgrade_your_product_photography_studio_v2/effect-of-lightbox-on-reflections.jpg]
[d5nunyagcicgy.cloudfront.net/external_assets/resources/upgrade_your_product_photography_studio_v2/a-reflector-and-diffuser.jpg]
[d5nunyagcicgy.cloudfront.net/external_assets/resources/upgrade_your_product_photography_studio_v2/an-overhead-tripod-adapter.jpg]
[d5nunyagcicgy.cloudfront.net/external_assets/resources/upgrade_your_product_photography_studio_v2/example-flatlays.jpg]
[d5nunyagcicgy.cloudfront.net/external_assets/resources/upgrade_your_product_photography_studio_v2/example-of-using-a-remote-shuter.jpg]
[clippingmagic.com/resources/upgrade-your-product-photography-studio.html]
[d5nunyagcicgy.cloudfront.net/external_assets/resources/dslr_camera_the_ultimate_guide_to_getting_started_fast_v2/dslr-guide-part-one.jpg]
[d5nunyagcicgy.cloudfront.net/external_assets/resources/dslr_camera_the_ultimate_guide_to_getting_started_fast_v2/iso-differences.jpg]
[d5nunyagcicgy.cloudfront.net/external_assets/resources/dslr_camera_the_ultimate_guide_to_getting_started_fast_v2/exposure-steps-chart-photography-dslr.png]
[d5nunyagcicgy.cloudfront.net/external_assets/resources/dslr_camera_the_ultimate_guide_to_getting_started_fast_v2/aperture-impact-gif.gif]
[d5nunyagcicgy.cloudfront.net/external_assets/resources/dslr_camera_the_ultimate_guide_to_getting_started_fast_v2/using-large-aperture-for-portraits.jpg]
[d5nunyagcicgy.cloudfront.net/external_assets/resources/dslr_camera_the_ultimate_guide_to_getting_started_fast_v2/landscape-photo-small-aperture.jpg]
[d5nunyagcicgy.cloudfront.net/external_assets/resources/dslr_camera_the_ultimate_guide_to_getting_started_fast_v2/shutter-fast-sports.jpg]
[d5nunyagcicgy.cloudfront.net/external_assets/resources/dslr_camera_the_ultimate_guide_to_getting_started_fast_v2/shutter-slow-cars.jpg]
[d5nunyagcicgy.cloudfront.net/external_assets/resources/dslr_camera_the_ultimate_guide_to_getting_started_fast_v2/high-iso-landscape-photo-at-night.jpg]
[d5nunyagcicgy.cloudfront.net/external_assets/resources/dslr_camera_the_ultimate_guide_to_getting_started_fast_v2/common-dslr-shooting-modes.png]
[d5nunyagcicgy.cloudfront.net/external_assets/resources/dslr_camera_the_ultimate_guide_to_getting_started_fast_v2/color-temp-color-balance.png]
[d5nunyagcicgy.cloudfront.net/external_assets/resources/dslr_camera_the_ultimate_guide_to_getting_started_fast_v2/example-white-balance-settings.jpg]
[d5nunyagcicgy.cloudfront.net/external_assets/resources/dslr_camera_the_ultimate_guide_to_getting_started_fast_v2/raw-file-vs-jpeg-differences.jpg]
[d5nunyagcicgy.cloudfront.net/external_assets/resources/dslr_camera_the_ultimate_guide_to_getting_started_fast_v2/image-file-types-nikon-and-canon.jpg]
[clippingmagic.com/resources/dslr-camera-the-ultimate-guide-to-getting-started-fast.html]
[d5nunyagcicgy.cloudfront.net/external_assets/resources/quickly_edit_and_list_your_items_using_bulk_clipping_v2/how-to-bulk-upload-header.jpg]
[clippingmagic.com/resources/screenshots/bulkUpload.html]
[clippingmagic.com/resources/screenshots/settingDefaultFit.html]
[clippingmagic.com/resources/screenshots/pasteMarks.html]
[clippingmagic.com/resources/quickly-edit-and-list-your-items-using-bulk-clipping.html]
[d5nunyagcicgy.cloudfront.net/p/assets/images/james_677ed56e2a7d46855c78f3ffddae739f.jpg]
[d5nunyagcicgy.cloudfront.net/p/assets/images/jacob_829e72774e7404028c4581514edebddd.jpg]
[d5nunyagcicgy.cloudfront.net/p/assets/images/orna_2520da32f2a38f246f6b5ce550d20487.jpg]
[d5nunyagcicgy.cloudfront.net/p/assets/images/jonathan_b81d1a8fe68446fc714391e3b43e9a51.jpg]
[clippingmagic.com/about.html]
[clippingmagic.com/blog/wp-content/uploads/2021/07/one-click-background-remover.png]
[clippingmagic.com/blog/clipping-magic-3-0/index.html]
[clippingmagic.com/blog/category/api/index.html]
[clippingmagic.com/blog/category/announcements/index.html]
[clippingmagic.com/blog/category/background-removal/index.html]
[clippingmagic.com/blog/wp-content/uploads/2021/07/background-scissors-application.png]
[clippingmagic.com/blog/shut-down-the-servers/index.html]
[clippingmagic.com/blog/wp-content/uploads/2021/06/artificial-intelligence-background-removal.png]
[clippingmagic.com/blog/one-click-background-remover-software/index.html]
[clippingmagic.com/blog/category/stories/index.html]
[clippingmagic.com/blog/image-background-scissors-application/index.html]
[clippingmagic.com/blog/artificial-intelligence-background-removal-services/index.html]
[clippingmagic.com/blog/wp-content/uploads/2021/04/clear-background-image.png]
[clippingmagic.com/blog/category/ecommerce/index.html]
[clippingmagic.com/blog/clear-background-image-product-photos/index.html]
[clippingmagic.com/blog/wp-content/uploads/2021/04/background-changing-website.png]
[clippingmagic.com/blog/background-changing-website/index.html]
[clippingmagic.com/blog/wp-content/uploads/2021/06/background-cutter-software.png]
[clippingmagic.com/blog/background-cutter-software/index.html]
[clippingmagic.com/blog/category/change-background/index.html]
[clippingmagic.com/blog/wp-content/uploads/2021/04/get-rid-of-background.png]
[clippingmagic.com/blog/wp-content/uploads/2021/04/ecommerce-backgroound-swapper.png]
[clippingmagic.com/blog.html]
[clippingmagic.com/blog/get-rid-of-background-images/index.html]
[clippingmagic.com/blog/photo-background-swapper/index.html]
[clippingmagic.com/blog/page/5/index.html]
[clippingmagic.com/blog/category/crop-out/index.html]
[clippingmagic.com/blog/page/2/index.html]
[clippingmagic.com/Blue_Flower_Dress_Example.jpeg]
[d5nunyagcicgy.cloudfront.net/external_assets/examples/blue_flower_dress_v2/preview_original.jpg]
[d5nunyagcicgy.cloudfront.net/external_assets/examples/blue_flower_dress_v2/preview_result.jpg]
[clippingmagic.com/SF_Baseball_Hat_Example.jpeg]
[d5nunyagcicgy.cloudfront.net/external_assets/examples/sf_baseball_hat_v2/preview_original.jpg]
[d5nunyagcicgy.cloudfront.net/external_assets/examples/sf_baseball_hat_v2/preview_result.jpg]
[clippingmagic.com/Backpack_Example.jpeg]
[d5nunyagcicgy.cloudfront.net/external_assets/examples/backpack_v2/preview_original.jpg]
[d5nunyagcicgy.cloudfront.net/external_assets/examples/backpack_v2/preview_result.jpg]
[clippingmagic.com/Pastry_Example.jpeg]
[d5nunyagcicgy.cloudfront.net/external_assets/examples/pastry_v2/preview_original.jpg]
[d5nunyagcicgy.cloudfront.net/external_assets/examples/pastry_v2/preview_result.jpg]
[clippingmagic.com/Jars_Example.jpeg]
[d5nunyagcicgy.cloudfront.net/external_assets/examples/jars_v2/preview_original.jpg]
[d5nunyagcicgy.cloudfront.net/external_assets/examples/jars_v2/preview_result.jpg]
[clippingmagic.com/Anna_Greta_Photography_Example.jpeg]
[d5nunyagcicgy.cloudfront.net/external_assets/examples/anna_greta_photography_v2/preview_original.jpg]
[d5nunyagcicgy.cloudfront.net/external_assets/examples/anna_greta_photography_v2/preview_result.jpg]
[clippingmagic.com/Signature_Example.jpeg]
[d5nunyagcicgy.cloudfront.net/external_assets/examples/signature_v1/preview_original.jpg]
[d5nunyagcicgy.cloudfront.net/external_assets/examples/signature_v1/preview_result.jpg]
[clippingmagic.com/Tree_Example.jpeg]
[d5nunyagcicgy.cloudfront.net/external_assets/examples/tree_v1/preview_original.jpg]
[d5nunyagcicgy.cloudfront.net/external_assets/examples/tree_v1/preview_result.jpg]
[clippingmagic.com/Shoes_Example.jpeg]
[d5nunyagcicgy.cloudfront.net/external_assets/examples/shoes_v1/preview_original.jpg]
[d5nunyagcicgy.cloudfront.net/external_assets/examples/shoes_v1/preview_result.jpg]
[clippingmagic.com/Fragrance_Diffuser_Example.jpeg]
[d5nunyagcicgy.cloudfront.net/external_assets/examples/fragrance_diffuser_v3/preview_original.jpg]
[d5nunyagcicgy.cloudfront.net/external_assets/examples/fragrance_diffuser_v3/preview_result.jpg]
[clippingmagic.com/TLR_Camera_Example.jpeg]
[d5nunyagcicgy.cloudfront.net/external_assets/examples/tlr_camera_v3/preview_original.jpg]
[d5nunyagcicgy.cloudfront.net/external_assets/examples/tlr_camera_v3/preview_result.jpg]
[clippingmagic.com/Table_Example.jpeg]
[d5nunyagcicgy.cloudfront.net/external_assets/examples/table_v3/preview_original.jpg]
[d5nunyagcicgy.cloudfront.net/external_assets/examples/table_v3/preview_result.jpg]
[clippingmagic.com/Plant_Example.jpeg]
[d5nunyagcicgy.cloudfront.net/external_assets/examples/plant_v3/preview_original.jpg]
[d5nunyagcicgy.cloudfront.net/external_assets/examples/plant_v3/preview_result.jpg]
[clippingmagic.com/Earring_Example.jpeg]
[d5nunyagcicgy.cloudfront.net/external_assets/examples/earring_v3/preview_original.jpg]
[d5nunyagcicgy.cloudfront.net/external_assets/examples/earring_v3/preview_result.jpg]
[clippingmagic.com/Hair_Orange_Example.jpeg]
[d5nunyagcicgy.cloudfront.net/external_assets/examples/hair_orange_v3/preview_original.jpg]
[d5nunyagcicgy.cloudfront.net/external_assets/examples/hair_orange_v3/preview_result.jpg]
[clippingmagic.com/Hair_Beach_Example.jpeg]
[d5nunyagcicgy.cloudfront.net/external_assets/examples/hair_beach_v4/preview_original.jpg]
[d5nunyagcicgy.cloudfront.net/external_assets/examples/hair_beach_v4/preview_result.jpg]
[clippingmagic.com/Pillow_Example.jpeg]
[clippingmagic.com/Herbs_Example.jpeg]
[d5nunyagcicgy.cloudfront.net/external_assets/examples/herbs_v5/preview_original.jpg]
[d5nunyagcicgy.cloudfront.net/external_assets/examples/herbs_v5/preview_result.jpg]
[clippingmagic.com/Pitcher_Example.jpeg]
[d5nunyagcicgy.cloudfront.net/external_assets/examples/pitcher_v6/preview_original.jpg]
[d5nunyagcicgy.cloudfront.net/external_assets/examples/pitcher_v6/preview_result.jpg]
[clippingmagic.com/Cake_Plate_Example.jpeg]
[clippingmagic.com/Twine_Example.jpeg]
[clippingmagic.com/Watering_Can_Example.jpeg]
[d5nunyagcicgy.cloudfront.net/external_assets/examples/watering_can_v5/preview_original.jpg]
[d5nunyagcicgy.cloudfront.net/external_assets/examples/watering_can_v5/preview_result.jpg]
[clippingmagic.com/Hat_Example.jpeg]
[d5nunyagcicgy.cloudfront.net/external_assets/examples/hat_v3/preview_original.jpg]
[d5nunyagcicgy.cloudfront.net/external_assets/examples/hat_v3/preview_result.jpg]
[clippingmagic.com/Vase_Example.jpeg]
[clippingmagic.com/Shorts_Example.jpeg]
[clippingmagic.com/Dress_Example.jpeg]
[clippingmagic.com/Milo_Example.jpeg]
[d5nunyagcicgy.cloudfront.net/external_assets/examples/milo_v7/preview_original.jpg]
[d5nunyagcicgy.cloudfront.net/external_assets/examples/milo_v7/preview_result.jpg]
[clippingmagic.com/Hair_Example.jpeg]
[d5nunyagcicgy.cloudfront.net/external_assets/examples/hair_v5/preview_original.jpg]
[d5nunyagcicgy.cloudfront.net/external_assets/examples/hair_v5/preview_result.jpg]
[clippingmagic.com/examples.html]
[clippingmagic.com/policies/terms.html]
[clippingmagic.com/policies/privacy.html]
[clippingmagic.com/login.html]
[clippingmagic.com/supportca1c.html]
[clippingmagic.com/support/beta.html]
[d5nunyagcicgy.cloudfront.net/p/assets/bs/fonts/glyphicons-halflings-regular_19b39f36dc8beb12895535e26fd0cfd4.svg]
[d5nunyagcicgy.cloudfront.net/p/assets/images/alert-info_fb103aaaeb246d49dea0f7669dca1bd9.svg]
[d5nunyagcicgy.cloudfront.net/p/assets/images/alert-danger_a4a25df6b3ee6819cf7d2ecf0ed09ff6.svg]
[d5nunyagcicgy.cloudfront.net/p/assets/images/alert-success_81ec4c1af59bfbb883b7de57f2b44ce4.svg]
[d5nunyagcicgy.cloudfront.net/p/assets/images/arrow-line_0a6c4c48c7212dac9cce89e63cab0fff.svg]
[d5nunyagcicgy.cloudfront.net/p/assets/images/icon-tutorial-tip_6057520951b6ed537dfb298f09b6b903.svg]
[clippingmagic.com/tutorials/screenshots/bulkUploadInProgress.html]
[clippingmagic.com/tutorials/screenshots/editMenu.html]
[clippingmagic.com/tutorials/screenshots/bulkAllImagesClipped.html]
[clippingmagic.com/tutorials/screenshots/bulkDownloadZipping.html]
[clippingmagic.com/tutorials/screenshots/bulkDownloadReady.html]
[clippingmagic.com/tutorials/screenshots/bulkManageImages.html]
[clippingmagic.com/api/pricing.html]
[clippingmagic.com/api/returnUrlExample]
[clippingmagic.com/api/quickStart.html]
[clippingmagic.com/login9eb0.html]
[clippingmagic.com/api/v1/images/2346]
[clippingmagic.com/api/v1/images/234606e1]
[clippingmagic.com/api/v1/images/2346336a]
[clippingmagic.com/api/v1/images/2346c193]
[clippingmagic.com/api/v1/images/23460cce]
[clippingmagic.com/api/v1/images]
[clippingmagic.com/api/v1/imagesbebc]
[clippingmagic.com/api/v1/account]
[clippingmagic.com/api/serverApi.html]
[clippingmagic.com/api/v1/hosted/1230c38.html]
[clippingmagic.com/api/v1/hosted/123206b.html]
[clippingmagic.com/api/editor/hosted.html]
[clippingmagic.com/api/v1/ClippingMagic.js]
[clippingmagic.com/api/editor/whiteLabel.html]
[d5nunyagcicgy.cloudfront.net/p/assets/code-prettify/prettify_613507e03a79531b924687283a004514.css]
[clippingmagic.com/setCurrency0307.html]
[clippingmagic.com/setCurrencyde9d.html]
[clippingmagic.com/tutorials/screenshots/_https_/d5nunyagcicgy.cloudfront.net/external_assets/tutorials/finishing_touches_v10/background_color.png_]
[clippingmagic.com/tutorials/screenshots/backgroundColor.html]
[clippingmagic.com/tutorials/screenshots/_https_/d5nunyagcicgy.cloudfront.net/external_assets/tutorials/finishing_touches_v10/color_levels.png_]
[clippingmagic.com/tutorials/screenshots/colorAdjustments.html]
[clippingmagic.com/tutorials/screenshots/whiteBalance.html]
[clippingmagic.com/tutorials/screenshots/cropResize.html]
[clippingmagic.com/tutorials/screenshots/_https_/d5nunyagcicgy.cloudfront.net/external_assets/tutorials/finishing_touches_v10/crop.png_]
[clippingmagic.com/tutorials/screenshots/fitToResult.html]
[clippingmagic.com/tutorials/screenshots/rotate.html]
[clippingmagic.com/tutorials/screenshots/_https_/d5nunyagcicgy.cloudfront.net/external_assets/tutorials/finishing_touches_v10/shadow_oval.png_]
[clippingmagic.com/tutorials/screenshots/ovalShadows.html]
[clippingmagic.com/tutorials/screenshots/_https_/d5nunyagcicgy.cloudfront.net/external_assets/tutorials/finishing_touches_v10/shadow_drop.png_]
[clippingmagic.com/tutorials/screenshots/dropShadow.html]
[clippingmagic.com/tutorials/screenshots/_https_/d5nunyagcicgy.cloudfront.net/external_assets/tutorials/finishing_touches_v10/shadow_reflection.png_]
[clippingmagic.com/tutorials/screenshots/reflection.html]
[clippingmagic.com/tutorials/screenshots/_https_/d5nunyagcicgy.cloudfront.net/external_assets/tutorials/finishing_touches_v10/shadow_cast.png_]
[clippingmagic.com/tutorials/screenshots/castShadow.html]
[clippingmagic.com/tutorials/screenshots/configurableDefaultsMenu.html]
[clippingmagic.com/tutorials/screenshots/defaultSettings.html]
[clippingmagic.com/tutorials/screenshots/importOptions.html]
[clippingmagic.com/tutorials/screenshots/exportOptions.html]
[clippingmagic.com/tutorials/screenshots/ecommerceSettings.html]
[clippingmagic.com/tutorials/screenshots/editMenuWithColorEraseMode.html]
[pinterest.com/pin/create/button/index5fd2.html]
[clippingmagic.com/tutorials/screenshots/_https_/d5nunyagcicgy.cloudfront.net/external_assets/resources/clothing_photography_tops_pants_and_the_like_v3/settings-for-bespoke-look.jpg_]
[clippingmagic.com/tutorials/screenshots/bespokeShadows.html]
[pinterest.com/pin/create/button/indexa694.html]
[pinterest.com/pin/create/button/indexa349.html]
[pinterest.com/pin/create/button/index2fdb.html]
[www.pinterest.com/pin/create/button/index70aa.html]
[pinterest.com/pin/create/button/indexbd23.html]
[www.pinterest.com/pin/create/button/indexb190.html]
[pinterest.com/pin/create/button/index5e7e.html]
[www.pinterest.com/pin/create/button/index733b.html]
[pinterest.com/pin/create/button/indexae93.html]
[www.pinterest.com/pin/create/button/indexb1bf.html]
[www.pinterest.com/pin/create/button/indexbfd4.html]
[www.pinterest.com/pin/create/button/index1ab7.html]
[www.pinterest.com/pin/create/button/index7a8d.html]
[clippingmagic.com/resources/screenshots/bulkUpload.html]
[clippingmagic.com/resources/screenshots/_https_/d5nunyagcicgy.cloudfront.net/external_assets/resources/quickly_edit_and_list_your_items_using_bulk_clipping_v2/setting-a-default.jpg_]
[clippingmagic.com/resources/screenshots/settingDefaultFit.html]
[clippingmagic.com/resources/screenshots/pasteMarks.html]
[clippingmagic.com/blog/wp-content/uploads/2021/05/cm3_hair.jpg]
[clippingmagic.com/blog/wp-content/uploads/2021/05/cm3_better_editor.jpg]
[clippingmagic.com/blog/wp-content/uploads/2021/05/cm3_edges.jpg]
[clippingmagic.com/blog/wp-content/uploads/2021/05/cm3_signatures.jpg]
[clippingmagic.com/blog/wp-content/uploads/2021/06/cm3_languages_hero.svg]
[clippingmagic.com/blog/wp-content/uploads/2021/06/cm3_api_hero.svg]
[clippingmagic.com/blog/clipping-magic-3-0/index.html]
[clippingmagic.com/blog/author/user/index.html]
[clippingmagic.com/blog/category/announcements/index.html]
[clippingmagic.com/blog/wp-content/uploads/2021/01/xbackground-removal-api-software.png.pagespeed.ic.zTcPL9SPD6.jpg]
[clippingmagic.com/blog/category/api/index.html]
[clippingmagic.com/blog/background-removal-api-bulk-images/index.html]
[clippingmagic.com/blog/wp-content/uploads/2021/06/online-image-background-remover.png]
[clippingmagic.com/blog/online-automatic-background-removal-tool/index.html]
[clippingmagic.com/blog/wp-content/uploads/2021/05/instant-image-background-burner.png]
[clippingmagic.com/blog/image-background-burner/index.html]
[clippingmagic.com/blog/wp-content/uploads/2021/05/bulk-background-removal-application.png]
[clippingmagic.com/blog/bulk-background-remover/index.html]
[clippingmagic.com/blog/wp-content/uploads/2021/05/automatically-remove-background-fast.png]
[clippingmagic.com/blog/automatically-remove-background-fast/index.html]
[clippingmagic.com/blog/wp-content/uploads/2021/05/eliminate-background-from-photo.png]
[clippingmagic.com/blog/category/background-removal/index.html]
[clippingmagic.com/blog/eliminate-background-from-photo/index.html]
[clippingmagic.com/blog/category/background-removal/page/3/index.html]
[clippingmagic.com/blog/category/background-removal/page/2/index.html]
[clippingmagic.com/blog/shut-down-the-servers/index.html]
[clippingmagic.com/blog/category/stories/index.html]
[clippingmagic.com/blog/wp-content/uploads/2021/07/xone-click-background-remover.png.pagespeed.ic.NXY6Iezjpu.jpg]
[clippingmagic.com/blog/one-click-background-remover-software/index.html]
[clippingmagic.com/blog/author/chad/index.html]
[clippingmagic.com/blog/ecommerce-product-image-background-remover/index.html]
[clippingmagic.com/blog/image-background-scissors-application/index.html]
[clippingmagic.com/blog/automatic-cut-image-background-tools/index.html]
[clippingmagic.com/blog/artificial-intelligence-background-removal-services/index.html]
[clippingmagic.com/blog/online-ai-background-removal-software/index.html]
[clippingmagic.com/blog/automatic-background-remover/index.html]
[clippingmagic.com/blog/crop-out-background-website/index.html]
[clippingmagic.com/blog/clear-background-image-product-photos/index.html]
[clippingmagic.com/blog/product-image-cutouts-services/index.html]
[clippingmagic.com/blog/wp-content/uploads/2021/06/ecommerce-product-image-background-remover.png]
[clippingmagic.com/blog/wp-content/uploads/2021/06/automatic-ecommerce-bg-remover.png]
[clippingmagic.com/blog/wp-content/uploads/2021/05/ecommerce-product-image-background-remover-tool.png]
[clippingmagic.com/blog/ecommerce-bg-remover-software/index.html]
[clippingmagic.com/blog/ecommerce-background-remover-tool/index.html]
[clippingmagic.com/blog/wp-content/uploads/2021/05/photo-editing-for-ecommerce.png]
[clippingmagic.com/blog/photo-editing-for-ecommerce/index.html]
[clippingmagic.com/blog/wp-content/uploads/2021/01/online-magic-background-eraser-tool.png]
[clippingmagic.com/blog/wp-content/uploads/2021/02/product-image-cutouts.png]
[clippingmagic.com/blog/online-magic-background-eraser-tool/index.html]
[clippingmagic.com/blog/wp-content/uploads/2021/02/remove-background-from-ecommerce-photos.png]
[clippingmagic.com/blog/category/ecommerce/index.html]
[clippingmagic.com/blog/remove-background-ecommerce-photography/index.html]
[clippingmagic.com/blog/background-changing-website/index.html]
[clippingmagic.com/blog/image-background-changer/index.html]
[clippingmagic.com/blog/automatically-remove-logo-background/index.html]
[clippingmagic.com/blog/wp-content/uploads/2021/04/xbackground-changing-website.png.pagespeed.ic.FWnafyVj36.jpg]
[clippingmagic.com/blog/wp-content/uploads/2021/06/background-changing-app.png]
[clippingmagic.com/blog/background-changer-app/index.html]
[clippingmagic.com/blog/create-transparent-background-solutions/index.html]
[clippingmagic.com/blog/wp-content/uploads/2021/04/image-background-transparent-creator.png]
[clippingmagic.com/blog/wp-content/uploads/2021/04/swap-background-image.png]
[clippingmagic.com/blog/swap-background-image/index.html]
[clippingmagic.com/blog/wp-content/uploads/2021/04/make-background-white-online.png]
[clippingmagic.com/blog/make-background-white-online/index.html]
[clippingmagic.com/blog/wp-content/uploads/2021/04/image-background-changer-for-presentations.png]
[clippingmagic.com/blog/wp-content/uploads/2021/03/change-background-to-any-color.png]
[clippingmagic.com/blog/category/change-background/index.html]
[clippingmagic.com/blog/change-background-to-any-color-online/index.html]
[clippingmagic.com/blog/background-cutter-software/index.html]
[clippingmagic.com/blog/dynamic-background-extractor-tool/index.html]
[clippingmagic.com/blog/get-rid-of-background-images/index.html]
[clippingmagic.com/blog/product-image-background-eraser/index.html]
[clippingmagic.com/blog/photo-background-swapper/index.html]
[clippingmagic.com/blog/page/5/index.html]
[clippingmagic.com/blog/page/4/index.html]
[clippingmagic.com/blog/page/2/index.html]
[clippingmagic.com/blog/page/3/index.html]
[clippingmagic.com/blog/wp-content/uploads/2021/03/crop-out-background-website-platform.png]
[clippingmagic.com/blog/category/crop-out/index.html]
[clippingmagic.com/Blue_Flower_Dress_Example.html]
[clippingmagic.com/SF_Baseball_Hat_Example.html]
[clippingmagic.com/Backpack_Example.html]
[clippingmagic.com/Pastry_Example.html]
[clippingmagic.com/Jars_Example.html]
[clippingmagic.com/Anna_Greta_Photography_Example.html]
[clippingmagic.com/Signature_Example.html]
[clippingmagic.com/Tree_Example.html]
[clippingmagic.com/Shoes_Example.html]
[clippingmagic.com/Fragrance_Diffuser_Example.html]
[clippingmagic.com/TLR_Camera_Example.html]
[clippingmagic.com/Table_Example.html]
[clippingmagic.com/Plant_Example.html]
[clippingmagic.com/Earring_Example.html]
[clippingmagic.com/Hair_Orange_Example.html]
[clippingmagic.com/Hair_Beach_Example.html]
[clippingmagic.com/Pillow_Example.html]
[clippingmagic.com/Herbs_Example.html]
[clippingmagic.com/Pitcher_Example.html]
[clippingmagic.com/Cake_Plate_Example.html]
[clippingmagic.com/Twine_Example.html]
[clippingmagic.com/Watering_Can_Example.html]
[clippingmagic.com/Hat_Example.html]
[clippingmagic.com/Vase_Example.html]
[clippingmagic.com/Shorts_Example.html]
[clippingmagic.com/Dress_Example.html]
[clippingmagic.com/Milo_Example.html]
[clippingmagic.com/Hair_Example.html]
[clippingmagic.com/supportca1c.html]
[clippingmagic.com/api/returnUrlExample.html]
[clippingmagic.com/login9eb0.html]
[clippingmagic.com/api/v1/images/2346.json]
[clippingmagic.com/api/v1/images/234606e1.json]
[clippingmagic.com/api/v1/images/2346336a.json]
[clippingmagic.com/api/v1/images/2346c193.json]
[clippingmagic.com/api/v1/images/23460cce.json]
[clippingmagic.com/api/v1/images.json]
[clippingmagic.com/api/v1/imagesbebc.json]
[clippingmagic.com/api/v1/account.json]
[clippingmagic.com/api/v1/hosted/1230c38.html]
[clippingmagic.com/api/v1/hosted/123206b.html]
[clippingmagic.com/tutorials/screenshots/_https_/d5nunyagcicgy.cloudfront.net/external_assets/tutorials/finishing_touches_v10/background_color.html]
[clippingmagic.com/tutorials/screenshots/_https_/d5nunyagcicgy.cloudfront.net/external_assets/tutorials/finishing_touches_v10/color_levels.html]
[clippingmagic.com/tutorials/screenshots/_https_/d5nunyagcicgy.cloudfront.net/external_assets/tutorials/finishing_touches_v10/crop.html]
[clippingmagic.com/tutorials/screenshots/_https_/d5nunyagcicgy.cloudfront.net/external_assets/tutorials/finishing_touches_v10/shadow_oval.html]
[clippingmagic.com/tutorials/screenshots/_https_/d5nunyagcicgy.cloudfront.net/external_assets/tutorials/finishing_touches_v10/shadow_drop.html]
[clippingmagic.com/tutorials/screenshots/_https_/d5nunyagcicgy.cloudfront.net/external_assets/tutorials/finishing_touches_v10/shadow_reflection.html]
[clippingmagic.com/tutorials/screenshots/_https_/d5nunyagcicgy.cloudfront.net/external_assets/tutorials/finishing_touches_v10/shadow_cast.html]
[s.pinimg.com/webapp/runtime-d3460591035e4da0.js]
[s.pinimg.com/webapp/polyfills-6a858792b861f9f3.js]
[s.pinimg.com/webapp/75481-e132d7125dcf9b23.js]
[s.pinimg.com/webapp/70472-49cc75f64ef58dbd.js]
[s.pinimg.com/webapp/11671-bcabad8c9ed4db75.js]
[s.pinimg.com/webapp/locale-en_US-lite-js-85f84b176f682787.js]
[s.pinimg.com/webapp/vendor-react-c836509cfdbc8346.js]
[s.pinimg.com/webapp/8390-e64efc52e4f3cf04.js]
[s.pinimg.com/webapp/99689-b0c843a8ca561689.js]
[s.pinimg.com/webapp/26067-f045e85fbfed1b9f.js]
[s.pinimg.com/webapp/17492-7c91aaa6f13dc908.js]
[s.pinimg.com/webapp/48327-c0fabd5e228cf9a3.js]
[s.pinimg.com/webapp/66312-17256a790d72703b.js]
[s.pinimg.com/webapp/99246-81c667589e1ac419.js]
[s.pinimg.com/webapp/16117-12cf7fdb966a533f.js]
[s.pinimg.com/webapp/13254-e6304c86943f9680.js]
[s.pinimg.com/webapp/17197-288bfef5ad82012f.js]
[s.pinimg.com/webapp/83521-056b240b021ca2fc.js]
[s.pinimg.com/webapp/87072-d5a87083749bc57c.js]
[s.pinimg.com/webapp/57709-a10ae00cd5a9fde1.js]
[s.pinimg.com/webapp/76596-8b64813e5477e7f2.js]
[s.pinimg.com/webapp/31583-6d4632f0bda45274.js]
[s.pinimg.com/webapp/23019-6e9b1cb7cb1ffc3e.js]
[s.pinimg.com/webapp/22485-e0ff6fdff37df256.js]
[s.pinimg.com/webapp/25057-b0ac65991c0548a5.js]
[s.pinimg.com/webapp/65610-3900164fd59d02c0.js]
[s.pinimg.com/webapp/46537-97c369acc33b2906.js]
[s.pinimg.com/webapp/71526-f2db361ebf0d35dd.js]
[s.pinimg.com/webapp/10903-28d3ca9c6b285bef.js]
[s.pinimg.com/webapp/63582-72c9a89b004c80af.js]
[s.pinimg.com/webapp/www/pin/create/[method]-6b5318a06a4abf8c.js]
[s.pinimg.com/webapp/99961-a8bf3efb51174280.js]
[s.pinimg.com/webapp/68445-fd4c7bb06dcb100f.js]
[s.pinimg.com/webapp/80538-aa0da52a16c94aa6.js]
[s.pinimg.com/webapp/88435-af252bcb6c78b42e.js]
[s.pinimg.com/webapp/6863-8ca4dca171fdc640.js]
[s.pinimg.com/webapp/73453-4c9a3a0ac0ab3683.js]
[s.pinimg.com/webapp/90123-a3fbd639df883c8d.js]
[s.pinimg.com/webapp/www/_client-47eb2983e4be6282.js]
[s.pinimg.com/webapp/45509-f30ccc07c9418b31.js]
[s.pinimg.com/webapp/10966-55413a075a7f90b9.js]
[s.pinimg.com/webapp/DefaultPinRep-ed831c31cd4f1a56.js]
[s.pinimg.com/webapp/logo_trans_144x144-a77ee814.png]
[s.pinimg.com/webapp/favicon-22eb868c.png]
[s.pinimg.com/webapp/31600-6f9991832e3309fd.js]
[s.pinimg.com/webapp/www/_/_/internal/structured-feed-debugger-8d4a9add1e2c905a.js]
[s.pinimg.com/webapp/www/[username]-05d6038bf07e0f3f.js]
[s.pinimg.com/webapp/75424-f832bf8158b0ab0c.js]
[s.pinimg.com/webapp/44970-5dffff0a160d38df.js]
[s.pinimg.com/webapp/79035-e51c672e31ebbcfd.js]
[s.pinimg.com/webapp/www/[username]/_shopping_list-d5542a46c2d26bce.js]
[s.pinimg.com/webapp/28090-320b17fc38c9b2de.js]
[s.pinimg.com/webapp/81505-cbc6fed920f284f5.js]
[s.pinimg.com/webapp/43203-6e153be04a804a6d.js]
[s.pinimg.com/webapp/61038-ada0d0808cc4d476.js]
[s.pinimg.com/webapp/51046-7df29217b739ece4.js]
[s.pinimg.com/webapp/www/[username]/[slug]/[section_slug]/_tools/more-ideas-5b67de53efc534c0.js]
[s.pinimg.com/webapp/16142-1bb4fca9112f4c4f.js]
[s.pinimg.com/webapp/8151-dc5cce5793e283fe.js]
[s.pinimg.com/webapp/81165-313f95cf0c5fab18.js]
[s.pinimg.com/webapp/www/[username]/[slug]/invite-294f066f9efdf28f.css]
[s.pinimg.com/webapp/48806-57f72cbf0ee94711.js]
[s.pinimg.com/webapp/www/[username]/[slug]/invite-097cbb2fff68ceb5.js]
[s.pinimg.com/webapp/9315-03a598e3a6373189.js]
[s.pinimg.com/webapp/www/[username]/organize-cf4755c0464d75cd.js]
[s.pinimg.com/webapp/www/[username]/profile-about-948f5ab7279e449c.js]
[s.pinimg.com/webapp/www/[username]/report-19c23621daf8e17d.js]
[s.pinimg.com/webapp/70987-bddfdcb999b79333.js]
[s.pinimg.com/webapp/92914-e759631403f90216.js]
[s.pinimg.com/webapp/11582-6c86d85e562a858e.js]
[s.pinimg.com/webapp/19798-c7e95b38660fa279.js]
[s.pinimg.com/webapp/www/[username]/scheduled-pin/[scheduled_pin_id]-89bc1e32b71d1dcb.css]
[s.pinimg.com/webapp/www/[username]/scheduled-pins-966e4c0e987734da.js]
[s.pinimg.com/webapp/www/[username]/scheduled-pin/[scheduled_pin_id]-81ec6e15db8705c9.js]
[s.pinimg.com/webapp/29152-e470eef9a2c29087.js]
[s.pinimg.com/webapp/53637-c15b150950065be7.js]
[s.pinimg.com/webapp/56588-f10c9fc2f097ea83.js]
[s.pinimg.com/webapp/www/about/[lawName]-c125378e70940ef4.js]
[s.pinimg.com/webapp/55723-d529e56b63b1a70f.js]
[s.pinimg.com/webapp/www/about/content-claiming/application-9025fa050d4283b7.js]
[s.pinimg.com/webapp/www/about/copyright/counter-notice-7de91bd0932cc5a5.js]
[s.pinimg.com/webapp/www/about/copyright/dmca-pin-58a042788933a063.js]
[s.pinimg.com/webapp/www/about/copyright/music-appeal-f820f773cb466152.js]
[s.pinimg.com/webapp/47305-441954fe484dd686.js]
[s.pinimg.com/webapp/www/about/radtc-89bc1e32b71d1dcb.css]
[s.pinimg.com/webapp/www/about/trademark-a7e5736f3b45085b.js]
[s.pinimg.com/webapp/www/about/radtc-6bc3ea3cefacba73.js]
[s.pinimg.com/webapp/www/about/trademark/form-b9ea59a4f3a6da95.js]
[s.pinimg.com/webapp/37486-ee5efc5ff55497df.js]
[s.pinimg.com/webapp/www/about/trademark/form/[claim_type]-8f117bf4c1bf85ff.js]
[s.pinimg.com/webapp/www/add-account-862d5925fa175864.js]
[s.pinimg.com/webapp/72621-afd5e782d31fdf9f.js]
[s.pinimg.com/webapp/22312-2ea0a8f1a23c0c73.js]
[s.pinimg.com/webapp/51006-0494a7f91558ce4b.js]
[s.pinimg.com/webapp/www/age-appeal/confirmation-c0fdb47b2bf7dcb7.js]
[s.pinimg.com/webapp/www/advertiser/quick-promote-55230ede7dbfa0df.js]
[s.pinimg.com/webapp/www/age-appeal/redirect-95178f41d859e760.js]
[s.pinimg.com/webapp/www/app-factory-oauth-97c66ed83164fe59.js]
[s.pinimg.com/webapp/www/board/[id]/create_section-917d5f602ac95507.js]
[s.pinimg.com/webapp/10642-46b764e03578d04b.js]
[s.pinimg.com/webapp/www/board/[id]/edit-deaa36538b7654d9.js]
[s.pinimg.com/webapp/60953-a49908ce532cbdd2.js]
[s.pinimg.com/webapp/www/board/[id]/organize-213afd99887e6eb3.js]
[s.pinimg.com/webapp/www/board/[id]/report-89005d120d8f063d.js]
[s.pinimg.com/webapp/67419-3169f1af6bea8dea.js]
[s.pinimg.com/webapp/41548-af624ded5006d641.js]
[s.pinimg.com/webapp/www/board/create-bed32545aa43a601.js]
[s.pinimg.com/webapp/www/boardsection/[id]/edit-9a696fabd3e50354.js]
[s.pinimg.com/webapp/www/boardsection/[id]/organize-27ed83de71895377.js]
[s.pinimg.com/webapp/42103-b06552e61b1101ce.js]
[s.pinimg.com/webapp/41703-32ec16036873dbfd.js]
[s.pinimg.com/webapp/www/business/ad_create-89bc1e32b71d1dcb.css]
[s.pinimg.com/webapp/35477-0ed4e622dea56474.js]
[s.pinimg.com/webapp/www/business/ad_create-422a5c081cfee35e.js]
[s.pinimg.com/webapp/38628-2de90e3b8c4992a5.js]
[s.pinimg.com/webapp/www/business/business-access/[userBizId]/employees/invites-89bc1e32b71d1dcb.css]
[s.pinimg.com/webapp/www/business/business-access/[userBizId]/employees/invites-9fdfcf2c050d7d88.js]
[s.pinimg.com/webapp/www/business/business-hierarchy/[businessHierarchyId]/business_security-89bc1e32b71d1dcb.css]
[s.pinimg.com/webapp/www/business/business-hierarchy/[businessHierarchyId]/business_security-ebd81d63eeb29814.js]
[s.pinimg.com/webapp/85690-fe95f6a42845b052.js]
[s.pinimg.com/webapp/75825-90aabc44f48a134e.js]
[s.pinimg.com/webapp/73529-ff743127040595c1.js]
[s.pinimg.com/webapp/www/business/business-manager/[userBizId]/dashboard-89bc1e32b71d1dcb.css]
[s.pinimg.com/webapp/www/business/business-manager/[userBizId]/dashboard-a173506ed1bd5f7a.js]
[s.pinimg.com/webapp/16134-8e45caf33c0556da.js]
[s.pinimg.com/webapp/45392-59960a77838dbb85.js]
[s.pinimg.com/webapp/www/business/business-hierarchy/[businessHierarchyId]/hierarchy-89bc1e32b71d1dcb.css]
[s.pinimg.com/webapp/www/business/business-hierarchy/[businessHierarchyId]/hierarchy-b18d3ec9ed327863.js]
[s.pinimg.com/webapp/www/business/business-hierarchy/[businessHierarchyId]/managers-89bc1e32b71d1dcb.css]
[s.pinimg.com/webapp/www/business/business-hierarchy/[businessHierarchyId]/managers-0006cb379dd78907.js]
[s.pinimg.com/webapp/www/business/business-manager-89bc1e32b71d1dcb.css]
[s.pinimg.com/webapp/www/business/business-manager-5bc66a49e3b0d8d3.js]
[s.pinimg.com/webapp/www/business/business-manager/[userBizId]-89bc1e32b71d1dcb.css]
[s.pinimg.com/webapp/www/business/business-manager/[userBizId]-f5e33ae07be72062.js]
[s.pinimg.com/webapp/www/business/business-manager/[userBizId]/ad-accounts-89bc1e32b71d1dcb.css]
[s.pinimg.com/webapp/www/business/business-manager/[userBizId]/ad-accounts-58ca45cbe3bef702.js]
[s.pinimg.com/webapp/www/business/business-manager/[userBizId]/ad-accounts/[detailId]/details-89bc1e32b71d1dcb.css]
[s.pinimg.com/webapp/www/business/business-manager/[userBizId]/ad-accounts/[detailId]/details-f447c55d07232349.js]
[s.pinimg.com/webapp/www/business/business-manager/[userBizId]/asset-groups-89bc1e32b71d1dcb.css]
[s.pinimg.com/webapp/www/business/business-manager/[userBizId]/asset-groups-f096677d34aeed33.js]
[s.pinimg.com/webapp/www/business/business-manager/[userBizId]/audiences-89bc1e32b71d1dcb.css]
[s.pinimg.com/webapp/www/business/business-manager/[userBizId]/audiences-811bdd46fb319d9b.js]
[s.pinimg.com/webapp/www/business/business-manager/[userBizId]/catalogs-89bc1e32b71d1dcb.css]
[s.pinimg.com/webapp/www/business/business-manager/[userBizId]/catalogs-cd5e7ffddfbf5f2c.js]
[s.pinimg.com/webapp/www/business/business-manager/[userBizId]/employees/[detailId]/details-89bc1e32b71d1dcb.css]
[s.pinimg.com/webapp/www/business/business-manager/[userBizId]/employees/[detailId]/details-5f40e88dc56624bc.js]
[s.pinimg.com/webapp/www/business/business-manager/[userBizId]/history-89bc1e32b71d1dcb.css]
[s.pinimg.com/webapp/www/business/business-manager/[userBizId]/history-9c56d8e10d6d3916.js]
[s.pinimg.com/webapp/www/business/business-manager/[userBizId]/invoice-management-89bc1e32b71d1dcb.css]
[s.pinimg.com/webapp/www/business/business-manager/[userBizId]/invoice-management-a34c6c97c3a87bee.js]
[s.pinimg.com/webapp/www/business/business-manager/[userBizId]/partners-89bc1e32b71d1dcb.css]
[s.pinimg.com/webapp/www/business/business-manager/[userBizId]/partners-c90b893946e1ff82.js]
[s.pinimg.com/webapp/5268-909afef6e3b970c6.js]
[s.pinimg.com/webapp/www/business/business-manager/[userBizId]/partners/[detailId]/details-89bc1e32b71d1dcb.css]
[s.pinimg.com/webapp/www/business/business-manager/[userBizId]/partners/[detailId]/details-20c86fe65a9c705e.js]
[s.pinimg.com/webapp/www/business/business-manager/[userBizId]/partners/invites-89bc1e32b71d1dcb.css]
[s.pinimg.com/webapp/www/business/business-manager/[userBizId]/partners/invites-b508e1943d2f4295.js]
[s.pinimg.com/webapp/www/business/business-manager/[userBizId]/partners/requests-89bc1e32b71d1dcb.css]
[s.pinimg.com/webapp/www/business/business-manager/[userBizId]/partners/requests-ff83e7f4cc9cc68a.js]
[s.pinimg.com/webapp/www/business/business-manager/[userBizId]/profiles-89bc1e32b71d1dcb.css]
[s.pinimg.com/webapp/www/business/business-manager/[userBizId]/profiles-7f556042a037f126.js]
[s.pinimg.com/webapp/www/business/business-manager/[userBizId]/profiles/[detailId]/details-89bc1e32b71d1dcb.css]
[s.pinimg.com/webapp/www/business/business-manager/[userBizId]/profiles/[detailId]/details-3965bc5290996d96.js]
[s.pinimg.com/webapp/www/business/business-manager/[userBizId]/security-89bc1e32b71d1dcb.css]
[s.pinimg.com/webapp/www/business/business-manager/[userBizId]/security-ae269d0805b2d29a.js]
[s.pinimg.com/webapp/www/business/business-manager/[userBizId]/shared-tags-89bc1e32b71d1dcb.css]
[s.pinimg.com/webapp/www/business/business-manager/[userBizId]/shared-tags-6e14949a5fb59e37.js]
[s.pinimg.com/webapp/www/business/business-manager/[userBizId]/shared/[detailId]/details-89bc1e32b71d1dcb.css]
[s.pinimg.com/webapp/www/business/business-manager/[userBizId]/shared/[detailId]/details-4d0ce90ae62ecf27.js]
[s.pinimg.com/webapp/www/business/business-manager/[userBizId]/support-89bc1e32b71d1dcb.css]
[s.pinimg.com/webapp/www/business/business-manager/[userBizId]/support-e077747b17318888.js]
[s.pinimg.com/webapp/69986-26e3ccc99e34aef8.js]
[s.pinimg.com/webapp/23911-0ddc798249cbf01d.js]
[s.pinimg.com/webapp/www/business/catalogs-6384adea5780b4d1.css]
[s.pinimg.com/webapp/www/business/catalogs-3532b512fbe5a7f7.js]
[s.pinimg.com/webapp/24070-217fbb48b38aafd2.js]
[s.pinimg.com/webapp/49639-e5eaf923907dd814.js]
[s.pinimg.com/webapp/www/business/convert/start-3afa5d2ea2f1bf12.js]
[s.pinimg.com/webapp/20224-2e2e682344f4593e.js]
[s.pinimg.com/webapp/3448-468eff7a3ada63f6.js]
[s.pinimg.com/webapp/www/business/create-fe922287c0ff3b20.css]
[s.pinimg.com/webapp/www/business/hub-5c25d1a36dfa7921.css]
[s.pinimg.com/webapp/www/business/create-bab7e9e55e5a1dc9.js]
[s.pinimg.com/webapp/58906-f525c803340205af.js]
[s.pinimg.com/webapp/www/business/hub-0916adf2eaf45d2d.js]
[s.pinimg.com/webapp/www/login-e161a84cea9cd0a3.css]
[s.pinimg.com/webapp/www/login-ea682ffc36b56356.js]
[s.pinimg.com/webapp/www/business/pin_create-89bc1e32b71d1dcb.css]
[s.pinimg.com/webapp/www/business/schedule_call-e9415e125f5eaccd.js]
[s.pinimg.com/webapp/www/business/pin_create-c491c85a2007b088.js]
[s.pinimg.com/webapp/75632-d65283e75b6ee5ae.js]
[s.pinimg.com/webapp/74917-0b0001be105d05b1.js]
[s.pinimg.com/webapp/www/signup-a3c65649ff01f5f5.js]
[s.pinimg.com/webapp/www/business/switch-account-e36817fc3f4b775b.js]
[s.pinimg.com/webapp/www/business/update-e161a84cea9cd0a3.css]
[s.pinimg.com/webapp/www/business/update-7a7f639266e363e3.js]
[s.pinimg.com/webapp/www/close-account-84b73c49fc2926f4.js]
[s.pinimg.com/webapp/www/content-claiming-0d8e4524d55d5fe5.js]
[s.pinimg.com/webapp/45276-bca40f2abbb3097a.js]
[s.pinimg.com/webapp/13951-d5b36d614bf95374.js]
[s.pinimg.com/webapp/62253-b354d48565498491.js]
[s.pinimg.com/webapp/53676-b9527a1ef455e2c6.js]
[s.pinimg.com/webapp/www/conversation/[conversation_id]-c8ad1c111566ba9a.js]
[s.pinimg.com/webapp/www/convert-business-90694de21bd80586.js]
[s.pinimg.com/webapp/www/convert-personal-83576dd372a10142.js]
[s.pinimg.com/webapp/www/create-business-89bc1e32b71d1dcb.css]
[s.pinimg.com/webapp/www/create-business-82e1c266430d8122.js]
[s.pinimg.com/webapp/27405-c11d4dc9d973ac5c.js]
[s.pinimg.com/webapp/58103-8ce9ba7ff1947fd5.js]
[s.pinimg.com/webapp/85547-4a6245faa212f343.js]
[s.pinimg.com/webapp/69294-1acac81eb225cef4.js]
[s.pinimg.com/webapp/14518-4d5cb08d7389f53c.js]
[s.pinimg.com/webapp/www/copyright-reporting/[username]-7a459349f6ff68de.css]
[s.pinimg.com/webapp/www/copyright-reporting/[username]-9364852e7ed9e8df.js]
[s.pinimg.com/webapp/www/create-personal-a879a92b3d8ee797.js]
[s.pinimg.com/webapp/www/creative-studio-5d34d5564d4ca5ba.js]
[s.pinimg.com/webapp/www/deactivate-account-06798f826e6e1c93.js]
[s.pinimg.com/webapp/www/edit-59e49591c486e4cf.js]
[s.pinimg.com/webapp/www/email/remove-84e178d68c8713c4.js]
[s.pinimg.com/webapp/www/email/subscription-7687eba2e3215e96.js]
[s.pinimg.com/webapp/www/homefeed-0388d195ca64af1a.js]
[s.pinimg.com/webapp/71827-7d65597b77c49fa0.js]
[s.pinimg.com/webapp/www/idea-ads-tool-89bc1e32b71d1dcb.css]
[s.pinimg.com/webapp/5301-5e773123fd453267.js]
[s.pinimg.com/webapp/www/idea-ads-tool-b1296903423e7925.js]
[s.pinimg.com/webapp/www/ideas-68cfa86c845787eb.js]
[s.pinimg.com/webapp/49212-a2aefb938a7f12e5.js]
[s.pinimg.com/webapp/2173-2c32ea8a5fc0014a.js]
[s.pinimg.com/webapp/www/ideas/[interest]/[id]-993c2505e7a32778.js]
[s.pinimg.com/webapp/29548-0ffcdaed62ee4091.js]
[s.pinimg.com/webapp/www/inbox-a3c555555885d6fd.js]
[s.pinimg.com/webapp/www/inbox/compose-f9ec29429b1fe2a1.js]
[s.pinimg.com/webapp/www/inbox/requests-6afd4c78e435d099.js]
[s.pinimg.com/webapp/www/index-add7a1657ceef547.js]
[s.pinimg.com/webapp/www/invited-de89794e4770167e.js]
[s.pinimg.com/webapp/www/logout-1ebe28dccccadbc1.js]
[s.pinimg.com/webapp/14131-fd4598b2641c9c1e.js]
[s.pinimg.com/webapp/www/oauth-9025bcff89b29cbf.js]
[s.pinimg.com/webapp/www/pin-builder-89bc1e32b71d1dcb.css]
[s.pinimg.com/webapp/www/pin/[id]-008d180f17b10609.js]
[s.pinimg.com/webapp/www/pin-builder-00213869766fd229.js]
[s.pinimg.com/webapp/96277-8505d3f18d6c1a5c.js]
[s.pinimg.com/webapp/www/pin/[id]/activities-1361647f8051e454.js]
[s.pinimg.com/webapp/62817-1d3692cb0c942118.js]
[s.pinimg.com/webapp/www/pin/[id]/activity/tried-f0cbf5634829b9b2.js]
[s.pinimg.com/webapp/2123-550849841929c9b6.js]
[s.pinimg.com/webapp/www/pin/[id]/analytics-89bc1e32b71d1dcb.css]
[s.pinimg.com/webapp/www/pin/[id]/analytics-06611b2ff54b35a8.js]
[s.pinimg.com/webapp/2782-21876d1c474c3151.js]
[s.pinimg.com/webapp/www/pin/[id]/brand-catalog-677feb5e274704d7.js]
[s.pinimg.com/webapp/www/pin/[id]/comments-62bbd4d7c8e22f17.css]
[s.pinimg.com/webapp/www/pin/[id]/comments/[comment_id]-0bf405a0b1fdd9a9.js]
[s.pinimg.com/webapp/www/pin/[id]/comments-6259789829592fcb.js]
[s.pinimg.com/webapp/www/pin/[id]/edit-d547402b6e85af77.js]
[s.pinimg.com/webapp/www/pin/[id]/sent-b214cf1b8c5a7eda.js]
[s.pinimg.com/webapp/48083-29e4f2ed7e8389ac.js]
[s.pinimg.com/webapp/94699-affe7e0c85f55bd3.js]
[s.pinimg.com/webapp/www/pin/[id]/idea-pin/related-products-62bbd4d7c8e22f17.css]
[s.pinimg.com/webapp/www/pin/[id]/idea-pin/related-products-77fc900b593f243f.js]
[s.pinimg.com/webapp/www/pin/[id]/promote-62bbd4d7c8e22f17.css]
[s.pinimg.com/webapp/www/pin/[id]/promote-3bddd01272d83469.js]
[s.pinimg.com/webapp/www/pin/[id]/related-products/domain-59cbafbcf8a57be6.js]
[s.pinimg.com/webapp/www/pin/[id]/repin-62bbd4d7c8e22f17.css]
[s.pinimg.com/webapp/www/pin/[id]/repin-b8eeb047835e5baf.js]
[s.pinimg.com/webapp/73740-c22e614d914a7953.js]
[s.pinimg.com/webapp/www/pin/[id]/repin/[boardId]-511d25db734838e6.js]
[s.pinimg.com/webapp/www/pin/[id]/repin/[boardId]/add-9ce4fab1366d11e1.js]
[s.pinimg.com/webapp/www/pin/[id]/repin/x-94d05b4f3e98953c.js]
[s.pinimg.com/webapp/www/pin/[id]/report-07efff93588f511a.js]
[s.pinimg.com/webapp/www/pin/[id]/share-62bbd4d7c8e22f17.css]
[s.pinimg.com/webapp/www/pin/[id]/share-05b3c22d9e6f8074.js]
[s.pinimg.com/webapp/www/pin/[id]/shop-the-look-273c8012833ab54e.js]
[s.pinimg.com/webapp/www/pin/[id]/visual-search-acea981f3fac9b8d.js]
[s.pinimg.com/webapp/www/pin/[id]/visual-search/products-550d5a19c727ffb0.js]
[s.pinimg.com/webapp/45782-fa53ce8f6d097214.js]
[s.pinimg.com/webapp/29728-e3ebc288c5af9ceb.js]
[s.pinimg.com/webapp/www/product-catalogs-6384adea5780b4d1.css]
[s.pinimg.com/webapp/www/product-catalogs-6be541224e037d13.js]
[s.pinimg.com/webapp/www/product-catalogs/product-groups-0e3648d07c1c181f.css]
[s.pinimg.com/webapp/www/product-catalogs/data-source/[feed_profile_id]/workflows/[workflow_id]/event-type/[event_type_id]-248ac4352bb4a76c.css]
[s.pinimg.com/webapp/www/product-catalogs/product-groups-ed0b0ab3e89af8ea.js]
[s.pinimg.com/webapp/www/product-catalogs/data-source/[feed_profile_id]/workflows/[workflow_id]/event-type/[event_type_id]-2154963cd9a39aa7.js]
[s.pinimg.com/webapp/www/request-data-126db9baaa5d64e2.js]
[s.pinimg.com/webapp/31996-3f46fa770005402e.js]
[s.pinimg.com/webapp/5557-e2392f033945b2a7.js]
[s.pinimg.com/webapp/www/search-5fdde7c90991d9e2.js]
[s.pinimg.com/webapp/75298-463a0b88532eb5ba.js]
[s.pinimg.com/webapp/www/search/me-98c651f62e066f76.js]
[s.pinimg.com/webapp/www/search/my_content-3c59ea45a392eecf.js]
[s.pinimg.com/webapp/www/secure/panic-8648b171da631eaa.js]
[s.pinimg.com/webapp/35773-92b8de0bee9c92fb.js]
[s.pinimg.com/webapp/www/settings-ad9f315e0f4e65fd.js]
[s.pinimg.com/webapp/www/settings/branded-content-194c4456c4e5117e.js]
[s.pinimg.com/webapp/www/settings/bulk-create-pins-b6bf5d2bce0c25ed.js]
[s.pinimg.com/webapp/61978-e31a8fce80ab706a.js]
[s.pinimg.com/webapp/www/settings/edit-profile-7a273c921a77d9b1.js]
[s.pinimg.com/webapp/www/settings/edit/gender-3bb336d8ff569b04.js]
[s.pinimg.com/webapp/www/settings/edit/contact-name-57ff9a69a96e5853.js]
[s.pinimg.com/webapp/www/settings/edit/country-region-deae351f490f74c6.js]
[s.pinimg.com/webapp/76613-abd2778189e3b3de.js]
[s.pinimg.com/webapp/www/settings/edit/email-6bf8d0a7e0559e1b.js]
[s.pinimg.com/webapp/www/settings/edit/login-08c7b619bfea235e.js]
[s.pinimg.com/webapp/www/settings/email-ade9fef45ebe534d.js]
[s.pinimg.com/webapp/www/settings/messages-71f54c135b2fa95c.js]
[s.pinimg.com/webapp/www/settings/messages/[group]-a5dadb592831f84c.js]
[s.pinimg.com/webapp/38819-bf01d59c6674f7da.js]
[s.pinimg.com/webapp/www/settings/mfa/[step]-fef480c7199385a1.js]
[s.pinimg.com/webapp/www/settings/mfa/disable-2c6ea8a2edecadb3.js]
[s.pinimg.com/webapp/www/shopping-3b85479795d673cb.js]
[s.pinimg.com/webapp/www/shopping/[category]/[id]-46837397598f01f8.js]
[s.pinimg.com/webapp/www/signup/fbemailcollect-94b15b9f15ec75d2.js]
[s.pinimg.com/webapp/www/signup/line-email-collect-2b712c54ae6196e6.js]
[s.pinimg.com/webapp/www/signup/thirdpartyage-7719462620e6a150.js]
[s.pinimg.com/webapp/www/story_feed-30f63611ba1f7d69.js]
[s.pinimg.com/webapp/www/today/[term]/[title]/[articleId]-df2eeb99035cc2d8.js]
[s.pinimg.com/webapp/www/today/popular/[interest]/[interestId]-adeda2aff9f4f1eb.js]
[s.pinimg.com/webapp/www/tried_it/[triedItId]/likes-7f4f4b612ddf8762.js]
[s.pinimg.com/webapp/34327-632ea6d4e7dbf68b.js]
[s.pinimg.com/webapp/www/tv-5e4264bd0ed3e96a.js]
[s.pinimg.com/webapp/www/tv/[pin_id]-b5fe332957ec7884.js]
[s.pinimg.com/webapp/7923-88ffdfdf8dc75f6a.js]
[s.pinimg.com/webapp/85453-4dd8cb48c126b877.js]
[s.pinimg.com/webapp/www/tv/application-e222bbf4b4093b62.js]
[s.pinimg.com/webapp/35429-5bcc03bbe448381d.js]
[s.pinimg.com/webapp/www/tv/application/[applicationId]-980455e12431c741.js]
[s.pinimg.com/webapp/62374-1954d497a6930dbf.js]
[s.pinimg.com/webapp/www/tv/studio-d2ce25d9b4822e15.js]
[s.pinimg.com/webapp/www/tv/studio/download-eaacc458ee11bab5.js]
[s.pinimg.com/webapp/61859-e2ab2fcbf59c4da4.js]
[s.pinimg.com/webapp/www/tv/studio/episodes-0fa251bd4ce486f0.js]
[s.pinimg.com/webapp/94024-e8ff364ed6f7caf2.js]
[s.pinimg.com/webapp/25174-38aa19d2d4aae7f6.js]
[s.pinimg.com/webapp/11086-7385d49d764dc942.js]
[s.pinimg.com/webapp/www/tv/studio/episodes/[episodeId]-f5aaff0a31011420.js]
[s.pinimg.com/webapp/www/tv/studio/episodes/[episodeId]/control-room-ac3b08d0191ebd2d.js]
[s.pinimg.com/webapp/64152-26b09a61dd182660.js]
[s.pinimg.com/webapp/www/tv/studio/episodes/[episodeId]/edit-89bc1e32b71d1dcb.css]
[s.pinimg.com/webapp/www/tv/studio/episodes/[episodeId]/edit-aa255940a508bc56.js]
[s.pinimg.com/webapp/www/tv/studio/episodes/[episodeId]/insights-e543faef617e59ad.js]
[s.pinimg.com/webapp/www/tv/studio/episodes/[episodeId]/replay-6ba1c21a0080e158.js]
[s.pinimg.com/webapp/www/tv/studio/episodes/create-89bc1e32b71d1dcb.css]
[s.pinimg.com/webapp/www/tv/studio/episodes/create-f19d8327a261ed07.js]
[s.pinimg.com/webapp/www/tv/studio/pending-e93fd5eed063241c.js]
[s.pinimg.com/webapp/www/tv/studio/pending/creators-29957b1097659368.js]
[s.pinimg.com/webapp/www/unauth-profile-9bc1c1c5fa6822dc.js]
[s.pinimg.com/webapp/www/unlink-ae0acd696457003a.js]
[s.pinimg.com/webapp/www/videos-8b4567b58a39ee89.js]
[s.pinimg.com/webapp/33363-6c1729724a2aaf90.js]
[s.pinimg.com/webapp/www/videos/[category]/[id]-f982c90e290898a7.js]
[s.pinimg.com/webapp/www/welcome-4b4bc5e5d332a620.js]
[s.pinimg.com/webapp/DesktopUnauthPageWrapper-89bc1e32b71d1dcb.css]
[s.pinimg.com/webapp/1861-4dce3b6c283528e6.js]
[s.pinimg.com/webapp/84045-038466230fbf847a.js]
[s.pinimg.com/webapp/84992-5e8dc32ee7d177af.js]
[s.pinimg.com/webapp/37681-ce43fc64347ae0cd.js]
[www.pinterest.com/pin/create/button/index733b.html]
[clippingmagic.com/tutorials/screenshots/_https_/d5nunyagcicgy.cloudfront.net/external_assets/resources/clothing_photography_tops_pants_and_the_like_v3/settings-for-bespoke-look.html]
[s.pinimg.com/webapp/DesktopUnauthPageWrapper-b7e6138291f7214a.js]
[www.pinterest.com/pin/create/button/index70aa.html]
[www.pinterest.com/pin/create/button/indexb1bf.html]
[www.pinterest.com/pin/create/button/indexb190.html]
[www.pinterest.com/pin/create/button/indexbfd4.html]
[www.pinterest.com/pin/create/button/index1ab7.html]
[www.pinterest.com/pin/create/button/index7a8d.html]
[clippingmagic.com/resources/screenshots/_https_/d5nunyagcicgy.cloudfront.net/external_assets/resources/quickly_edit_and_list_your_items_using_bulk_clipping_v2/setting-a-default.html]
[clippingmagic.com/blog/wp-content/uploads/2021/06/cm3_languages_hero.svg]
[clippingmagic.com/blog/wp-content/uploads/2021/06/cm3_api_hero.svg]
[clippingmagic.com/blog/wp-content/uploads/2021/04/xclear-background-image.png.pagespeed.ic.CbpDX62O3r.jpg]
[clippingmagic.com/blog/author/user/index.html]
[clippingmagic.com/blog/wp-content/uploads/2021/01/background-removal-api-software.jpg]
[clippingmagic.com/blog/background-removal-api-bulk-images/index.html]
[clippingmagic.com/blog/online-automatic-background-removal-tool/index.html]
[clippingmagic.com/blog/image-background-burner/index.html]
[clippingmagic.com/blog/bulk-background-remover/index.html]
[clippingmagic.com/blog/automatically-remove-background-fast/index.html]
[clippingmagic.com/blog/eliminate-background-from-photo/index.html]
[clippingmagic.com/blog/remove-background-for-amazon-product/index.html]
[clippingmagic.com/blog/wp-content/uploads/2021/02/make-image-background-transparent-online.png]
[clippingmagic.com/blog/make-image-background-transparent-online/index.html]
[clippingmagic.com/blog/wp-content/uploads/2021/03/automatic-online-background-removal-tool.png]
[clippingmagic.com/blog/category/background-removal/page/3/index.html]
[clippingmagic.com/blog/wp-content/uploads/2021/03/online-background-extractor.png]
[clippingmagic.com/blog/wp-content/uploads/2021/05/clip-image-background.png]
[clippingmagic.com/blog/wp-content/uploads/2021/02/select-and-remove-background.png]
[clippingmagic.com/blog/wp-content/uploads/2021/04/automatically-remove-logo-background.png]
[clippingmagic.com/blog/clip-image-background-for-product/index.html]
[clippingmagic.com/blog/remove-background-with-hair/index.html]
[clippingmagic.com/blog/wp-content/uploads/2021/05/product-image-background-eraser.png]
[clippingmagic.com/blog/wp-content/uploads/2021/04/background-remover-for-real-estate.png]
[clippingmagic.com/blog/wp-content/uploads/2021/04/cut-image-background.png]
[clippingmagic.com/blog/wp-content/uploads/2021/04/background-deleter-without-green-screen.png]
[clippingmagic.com/blog/image-background-editor-real-estate/index.html]
[clippingmagic.com/blog/wp-content/uploads/2021/03/ai-background-revmoal-software.png]
[clippingmagic.com/blog/background-deleter-without-green-screen/index.html]
[clippingmagic.com/blog/wp-content/uploads/2021/03/remove-background-for-amazon-product.png]
[clippingmagic.com/blog/category/background-removal/page/2/index.html]
[clippingmagic.com/blog/ecommerce-product-image-background-remover/index.html]
[clippingmagic.com/blog/author/chad/index.html]
[clippingmagic.com/blog/automatic-cut-image-background-tools/index.html]
[clippingmagic.com/blog/online-ai-background-removal-software/index.html]
[clippingmagic.com/blog/automatic-background-remover/index.html]
[clippingmagic.com/blog/crop-out-background-website/index.html]
[clippingmagic.com/blog/product-image-cutouts-services/index.html]
[clippingmagic.com/blog/ecommerce-bg-remover-software/index.html]
[clippingmagic.com/blog/ecommerce-background-remover-tool/index.html]
[clippingmagic.com/blog/photo-editing-for-ecommerce/index.html]
[clippingmagic.com/blog/online-magic-background-eraser-tool/index.html]
[clippingmagic.com/blog/remove-background-ecommerce-photography/index.html]
[clippingmagic.com/blog/image-background-changer/index.html]
[clippingmagic.com/blog/automatically-remove-logo-background/index.html]
[clippingmagic.com/blog/background-changer-app/index.html]
[clippingmagic.com/blog/create-transparent-background-solutions/index.html]
[clippingmagic.com/blog/swap-background-image/index.html]
[clippingmagic.com/blog/make-background-white-online/index.html]
[clippingmagic.com/blog/change-background-to-any-color-online/index.html]
[clippingmagic.com/blog/dynamic-background-extractor-tool/index.html]
[clippingmagic.com/blog/product-image-background-eraser/index.html]
[clippingmagic.com/blog/wp-content/uploads/2021/03/xchange-background-to-any-color.png.pagespeed.ic.iNmmSKe96c.jpg]
[clippingmagic.com/blog/page/4/index.html]
[clippingmagic.com/blog/wp-content/uploads/2021/04/xswap-background-image.png.pagespeed.ic.WJsQfTmYQf.jpg]
[clippingmagic.com/blog/page/3/index.html]
[www.pinterest.com/pin/create/button/ios-app_/429047995/pinterest/add_pin/_method=button&image_url=&source_url=https_/clippingmagic.com/resources/perfect-your-product-photograp/pinterest-diy-photograp]
[www.pinterest.com/pin/create/button/android-app_/com.pinterest/pinterest/www.pinterest.com/pin/create/button/_media=&url=https_/clippingmagic.com/resources/perfect-your-produc/pinterest-diy-photograp]
[s.pinimg.com/webapp/www/[username]/[slug]/invite-294f066f9efdf28f.css]
[s.pinimg.com/webapp/www/[username]/scheduled-pin/[scheduled_pin_id]-89bc1e32b71d1dcb.css]
[s.pinimg.com/webapp/www/about/radtc-89bc1e32b71d1dcb.css]
[s.pinimg.com/webapp/www/business/ad_create-89bc1e32b71d1dcb.css]
[s.pinimg.com/webapp/www/business/business-access/[userBizId]/employees/invites-89bc1e32b71d1dcb.css]
[s.pinimg.com/webapp/www/business/business-hierarchy/[businessHierarchyId]/business_security-89bc1e32b71d1dcb.css]
[s.pinimg.com/webapp/www/business/business-manager/[userBizId]/dashboard-89bc1e32b71d1dcb.css]
[s.pinimg.com/webapp/www/business/business-hierarchy/[businessHierarchyId]/hierarchy-89bc1e32b71d1dcb.css]
[s.pinimg.com/webapp/www/business/business-hierarchy/[businessHierarchyId]/managers-89bc1e32b71d1dcb.css]
[s.pinimg.com/webapp/www/business/business-manager-89bc1e32b71d1dcb.css]
[s.pinimg.com/webapp/www/business/business-manager/[userBizId]-89bc1e32b71d1dcb.css]
[s.pinimg.com/webapp/www/business/business-manager/[userBizId]/ad-accounts-89bc1e32b71d1dcb.css]
[s.pinimg.com/webapp/www/business/business-manager/[userBizId]/ad-accounts/[detailId]/details-89bc1e32b71d1dcb.css]
[s.pinimg.com/webapp/www/business/business-manager/[userBizId]/asset-groups-89bc1e32b71d1dcb.css]
[s.pinimg.com/webapp/www/business/business-manager/[userBizId]/audiences-89bc1e32b71d1dcb.css]
[s.pinimg.com/webapp/www/business/business-manager/[userBizId]/catalogs-89bc1e32b71d1dcb.css]
[s.pinimg.com/webapp/www/business/business-manager/[userBizId]/employees/[detailId]/details-89bc1e32b71d1dcb.css]
[s.pinimg.com/webapp/www/business/business-manager/[userBizId]/history-89bc1e32b71d1dcb.css]
[s.pinimg.com/webapp/www/business/business-manager/[userBizId]/invoice-management-89bc1e32b71d1dcb.css]
[s.pinimg.com/webapp/www/business/business-manager/[userBizId]/partners-89bc1e32b71d1dcb.css]
[s.pinimg.com/webapp/www/business/business-manager/[userBizId]/partners/[detailId]/details-89bc1e32b71d1dcb.css]
[s.pinimg.com/webapp/www/business/business-manager/[userBizId]/partners/invites-89bc1e32b71d1dcb.css]
[s.pinimg.com/webapp/www/business/business-manager/[userBizId]/partners/requests-89bc1e32b71d1dcb.css]
[s.pinimg.com/webapp/www/business/business-manager/[userBizId]/profiles-89bc1e32b71d1dcb.css]
[s.pinimg.com/webapp/www/business/business-manager/[userBizId]/profiles/[detailId]/details-89bc1e32b71d1dcb.css]
[s.pinimg.com/webapp/www/business/business-manager/[userBizId]/security-89bc1e32b71d1dcb.css]
[s.pinimg.com/webapp/www/business/business-manager/[userBizId]/shared-tags-89bc1e32b71d1dcb.css]
[s.pinimg.com/webapp/www/business/business-manager/[userBizId]/shared/[detailId]/details-89bc1e32b71d1dcb.css]
[s.pinimg.com/webapp/www/business/business-manager/[userBizId]/support-89bc1e32b71d1dcb.css]
[s.pinimg.com/webapp/www/business/catalogs-6384adea5780b4d1.css]
[s.pinimg.com/webapp/www/business/create-fe922287c0ff3b20.css]
[s.pinimg.com/webapp/www/business/hub-5c25d1a36dfa7921.css]
[s.pinimg.com/webapp/www/login-e161a84cea9cd0a3.css]
[s.pinimg.com/webapp/www/business/pin_create-89bc1e32b71d1dcb.css]
[s.pinimg.com/webapp/www/business/update-e161a84cea9cd0a3.css]
[s.pinimg.com/webapp/www/create-business-89bc1e32b71d1dcb.css]
[s.pinimg.com/webapp/www/copyright-reporting/[username]-7a459349f6ff68de.css]
[s.pinimg.com/webapp/www/idea-ads-tool-89bc1e32b71d1dcb.css]
[s.pinimg.com/webapp/www/pin-builder-89bc1e32b71d1dcb.css]
[s.pinimg.com/webapp/www/pin/[id]/analytics-89bc1e32b71d1dcb.css]
[s.pinimg.com/webapp/www/pin/[id]/comments-62bbd4d7c8e22f17.css]
[s.pinimg.com/webapp/www/pin/[id]/idea-pin/related-products-62bbd4d7c8e22f17.css]
[s.pinimg.com/webapp/www/pin/[id]/promote-62bbd4d7c8e22f17.css]
[s.pinimg.com/webapp/www/pin/[id]/repin-62bbd4d7c8e22f17.css]
[s.pinimg.com/webapp/www/pin/[id]/share-62bbd4d7c8e22f17.css]
[s.pinimg.com/webapp/www/product-catalogs-6384adea5780b4d1.css]
[s.pinimg.com/webapp/www/product-catalogs/product-groups-0e3648d07c1c181f.css]
[s.pinimg.com/webapp/www/product-catalogs/data-source/[feed_profile_id]/workflows/[workflow_id]/event-type/[event_type_id]-248ac4352bb4a76c.css]
[s.pinimg.com/webapp/www/tv/studio/episodes/[episodeId]/edit-89bc1e32b71d1dcb.css]
[s.pinimg.com/webapp/www/tv/studio/episodes/create-89bc1e32b71d1dcb.css]
[s.pinimg.com/webapp/DesktopUnauthPageWrapper-89bc1e32b71d1dcb.css]
[www.pinterest.com/pin/create/button/ios-app_/429047995/pinterest/add_pin/_method=button&image_url=&source_url=https_/clippingmagic.com/resources/clothing-photography-tops-pant/pinterest-clothing-smal]
[www.pinterest.com/pin/create/button/android-app_/com.pinterest/pinterest/www.pinterest.com/pin/create/button/_media=&url=https_/clippingmagic.com/resources/clothing-photograph/pinterest-clothing-smal]
[www.pinterest.com/pin/create/button/ios-app_/429047995/pinterest/add_pin/_method=button&image_url=&source_url=https_/clippingmagic.com/resources/using-a-scanner-for-product-ph/scanner-small.c2a.delay]
[www.pinterest.com/pin/create/button/android-app_/com.pinterest/pinterest/www.pinterest.com/pin/create/button/_media=&url=https_/clippingmagic.com/resources/using-a-scanner-for/scanner-small.c2b.delay]
[www.pinterest.com/pin/create/button/ios-app_/429047995/pinterest/add_pin/_method=button&image_url=&source_url=https_/clippingmagic.com/resources/photographing-your-jewelry&des/jewelry-pinterest-small]
[www.pinterest.com/pin/create/button/android-app_/com.pinterest/pinterest/www.pinterest.com/pin/create/button/_media=&url=https_/clippingmagic.com/resources/photographing-your-/jewelry-pinterest-small]
[www.pinterest.com/pin/create/button/ios-app_/429047995/pinterest/add_pin/_method=button&image_url=&source_url=https_/clippingmagic.com/resources/outfitting-your-photo-studio-f/pinterest-under-100-sma]
[www.pinterest.com/pin/create/button/android-app_/com.pinterest/pinterest/www.pinterest.com/pin/create/button/_media=&url=https_/clippingmagic.com/resources/outfitting-your-pho/pinterest-under-100-sma]
[www.pinterest.com/pin/create/button/ios-app_/429047995/pinterest/add_pin/_method=button&image_url=&source_url=https_/clippingmagic.com/resources/upgrade-your-product-photograp/pinterest-upgrade-small]
[www.pinterest.com/pin/create/button/android-app_/com.pinterest/pinterest/www.pinterest.com/pin/create/button/_media=&url=https_/clippingmagic.com/resources/upgrade-your-produc/pinterest-upgrade-small]
[www.pinterest.com/pin/create/button/ios-app_/429047995/pinterest/add_pin/_method=button&image_url=&source_url=https_/clippingmagic.com/resources/dslr-camera-the-ultimate-guide/pinterest-dslr-small.c3]
[www.pinterest.com/pin/create/button/android-app_/com.pinterest/pinterest/www.pinterest.com/pin/create/button/_media=&url=https_/clippingmagic.com/resources/dslr-camera-the-ult/pinterest-dslr-small.c3]
[clippingmagic.com/blog/remove-background-for-amazon-product/index.html]
[clippingmagic.com/blog/make-image-background-transparent-online/index.html]
[clippingmagic.com/blog/clip-image-background-for-product/index.html]
[clippingmagic.com/blog/remove-background-with-hair/index.html]
[clippingmagic.com/blog/image-background-editor-real-estate/index.html]
[clippingmagic.com/blog/background-deleter-without-green-screen/index.html]
